Archive member included to satisfy reference by file (symbol)

C:/ProgramData/MATLAB/SupportPackages/R2025a/3P.instrset/gnuarm-armcortex.instrset/win/bin/../lib/gcc/arm-none-eabi/13.2.1/thumb/v7e-m+fp/hard\libm.a(libm_a-w_fmod.o)
                              xcp_ext_common.c.o (fmod)
C:/ProgramData/MATLAB/SupportPackages/R2025a/3P.instrset/gnuarm-armcortex.instrset/win/bin/../lib/gcc/arm-none-eabi/13.2.1/thumb/v7e-m+fp/hard\libm.a(libm_a-e_fmod.o)
                              C:/ProgramData/MATLAB/SupportPackages/R2025a/3P.instrset/gnuarm-armcortex.instrset/win/bin/../lib/gcc/arm-none-eabi/13.2.1/thumb/v7e-m+fp/hard\libm.a(libm_a-w_fmod.o) (__ieee754_fmod)
C:/ProgramData/MATLAB/SupportPackages/R2025a/3P.instrset/gnuarm-armcortex.instrset/win/bin/../lib/gcc/arm-none-eabi/13.2.1/thumb/v7e-m+fp/hard\libgcc.a(_arm_muldf3.o)
                              Encoder_reader_simulink.c.o (__aeabi_dmul)
C:/ProgramData/MATLAB/SupportPackages/R2025a/3P.instrset/gnuarm-armcortex.instrset/win/bin/../lib/gcc/arm-none-eabi/13.2.1/thumb/v7e-m+fp/hard\libgcc.a(_arm_addsubdf3.o)
                              Encoder_reader_simulink.c.o (__aeabi_dsub)
C:/ProgramData/MATLAB/SupportPackages/R2025a/3P.instrset/gnuarm-armcortex.instrset/win/bin/../lib/gcc/arm-none-eabi/13.2.1/thumb/v7e-m+fp/hard\libgcc.a(_arm_muldivdf3.o)
                              Encoder_reader_simulink.c.o (__aeabi_ddiv)
C:/ProgramData/MATLAB/SupportPackages/R2025a/3P.instrset/gnuarm-armcortex.instrset/win/bin/../lib/gcc/arm-none-eabi/13.2.1/thumb/v7e-m+fp/hard\libgcc.a(_arm_cmpdf2.o)
                              xcp_ext_mode.c.o (__aeabi_dcmpeq)
C:/ProgramData/MATLAB/SupportPackages/R2025a/3P.instrset/gnuarm-armcortex.instrset/win/bin/../lib/gcc/arm-none-eabi/13.2.1/thumb/v7e-m+fp/hard\libgcc.a(_arm_unorddf2.o)
                              rt_nonfinite.c.o (__aeabi_dcmpun)
C:/ProgramData/MATLAB/SupportPackages/R2025a/3P.instrset/gnuarm-armcortex.instrset/win/bin/../lib/gcc/arm-none-eabi/13.2.1/thumb/v7e-m+fp/hard\libgcc.a(_arm_fixunsdfsi.o)
                              xcp_ext_common.c.o (__aeabi_d2uiz)
C:/ProgramData/MATLAB/SupportPackages/R2025a/3P.instrset/gnuarm-armcortex.instrset/win/bin/../lib/gcc/arm-none-eabi/13.2.1/thumb/v7e-m+fp/hard\libgcc.a(_aeabi_uldivmod.o)
                              stm32g4xx_ll_lpuart.c.o (__aeabi_uldivmod)
C:/ProgramData/MATLAB/SupportPackages/R2025a/3P.instrset/gnuarm-armcortex.instrset/win/bin/../lib/gcc/arm-none-eabi/13.2.1/thumb/v7e-m+fp/hard\libgcc.a(_udivmoddi4.o)
                              C:/ProgramData/MATLAB/SupportPackages/R2025a/3P.instrset/gnuarm-armcortex.instrset/win/bin/../lib/gcc/arm-none-eabi/13.2.1/thumb/v7e-m+fp/hard\libgcc.a(_aeabi_uldivmod.o) (__udivmoddi4)
C:/ProgramData/MATLAB/SupportPackages/R2025a/3P.instrset/gnuarm-armcortex.instrset/win/bin/../lib/gcc/arm-none-eabi/13.2.1/thumb/v7e-m+fp/hard\libgcc.a(_dvmd_tls.o)
                              C:/ProgramData/MATLAB/SupportPackages/R2025a/3P.instrset/gnuarm-armcortex.instrset/win/bin/../lib/gcc/arm-none-eabi/13.2.1/thumb/v7e-m+fp/hard\libgcc.a(_aeabi_uldivmod.o) (__aeabi_ldiv0)
C:/ProgramData/MATLAB/SupportPackages/R2025a/3P.instrset/gnuarm-armcortex.instrset/win/bin/../lib/gcc/arm-none-eabi/13.2.1/thumb/v7e-m+fp/hard\libg_nano.a(libc_a-exit.o)
                              C:/ProgramData/MATLAB/SupportPackages/R2025a/3P.instrset/gnuarm-armcortex.instrset/win/bin/../lib/gcc/arm-none-eabi/13.2.1/thumb/v7e-m+fp/hard/crt0.o (exit)
C:/ProgramData/MATLAB/SupportPackages/R2025a/3P.instrset/gnuarm-armcortex.instrset/win/bin/../lib/gcc/arm-none-eabi/13.2.1/thumb/v7e-m+fp/hard\libg_nano.a(libc_a-findfp.o)
                              C:/ProgramData/MATLAB/SupportPackages/R2025a/3P.instrset/gnuarm-armcortex.instrset/win/bin/../lib/gcc/arm-none-eabi/13.2.1/thumb/v7e-m+fp/hard\libg_nano.a(libc_a-exit.o) (__stdio_exit_handler)
C:/ProgramData/MATLAB/SupportPackages/R2025a/3P.instrset/gnuarm-armcortex.instrset/win/bin/../lib/gcc/arm-none-eabi/13.2.1/thumb/v7e-m+fp/hard\libg_nano.a(libc_a-fwalk.o)
                              C:/ProgramData/MATLAB/SupportPackages/R2025a/3P.instrset/gnuarm-armcortex.instrset/win/bin/../lib/gcc/arm-none-eabi/13.2.1/thumb/v7e-m+fp/hard\libg_nano.a(libc_a-findfp.o) (_fwalk_sglue)
C:/ProgramData/MATLAB/SupportPackages/R2025a/3P.instrset/gnuarm-armcortex.instrset/win/bin/../lib/gcc/arm-none-eabi/13.2.1/thumb/v7e-m+fp/hard\libg_nano.a(libc_a-stdio.o)
                              C:/ProgramData/MATLAB/SupportPackages/R2025a/3P.instrset/gnuarm-armcortex.instrset/win/bin/../lib/gcc/arm-none-eabi/13.2.1/thumb/v7e-m+fp/hard\libg_nano.a(libc_a-findfp.o) (__sread)
C:/ProgramData/MATLAB/SupportPackages/R2025a/3P.instrset/gnuarm-armcortex.instrset/win/bin/../lib/gcc/arm-none-eabi/13.2.1/thumb/v7e-m+fp/hard\libg_nano.a(libc_a-memset.o)
                              C:/ProgramData/MATLAB/SupportPackages/R2025a/3P.instrset/gnuarm-armcortex.instrset/win/bin/../lib/gcc/arm-none-eabi/13.2.1/thumb/v7e-m+fp/hard/crt0.o (memset)
[...]
Memory Configuration

Name             Origin             Length             Attributes
RAM              0x20000000         0x00020000         xrw
FLASH            0x08000000         0x00080000         xr
*default*        0x00000000         0xffffffff

Linker script and memory map

LOAD C:/ProgramData/MATLAB/SupportPackages/R2025a/3P.instrset/gnuarm-armcortex.instrset/win/bin/../lib/gcc/arm-none-eabi/13.2.1/thumb/v7e-m+fp/hard/crti.o
LOAD C:/ProgramData/MATLAB/SupportPackages/R2025a/3P.instrset/gnuarm-armcortex.instrset/win/bin/../lib/gcc/arm-none-eabi/13.2.1/thumb/v7e-m+fp/hard/crtbegin.o
LOAD C:/ProgramData/MATLAB/SupportPackages/R2025a/3P.instrset/gnuarm-armcortex.instrset/win/bin/../lib/gcc/arm-none-eabi/13.2.1/thumb/v7e-m+fp/hard/crt0.o
LOAD xcp_ext_mode.c.o
LOAD Encoder_reader_simulink.c.o
LOAD ert_main.c.o
LOAD rtGetInf.c.o
LOAD rt_nonfinite.c.o
LOAD xcp_ext_common.c.o
LOAD xcp_ext_classic_trigger.c.o
LOAD xcp.c.o
LOAD xcp_standard.c.o
LOAD xcp_daq.c.o
LOAD xcp_calibration.c.o
LOAD xcp_fifo.c.o
LOAD xcp_transport.c.o
LOAD xcp_mem_default.c.o
LOAD xcp_drv_rtiostream.c.o
LOAD xcp_utils.c.o
LOAD xcp_frame_serial.c.o
LOAD xcp_ext_param_default_serial.c.o
LOAD overrideHALDelay.c.o
LOAD platform_timer.c.o
LOAD SysTickScheduler.c.o
LOAD m3m4m4f_multitasking.c.o
LOAD rtiostream_serial.c.o
LOAD stm_usart.c.o
LOAD stm_lpuart.c.o
LOAD sys_arch_arm.c.o
LOAD main.c.o
LOAD stm32g4xx_it.c.o
LOAD stm32g4xx_hal_msp.c.o
LOAD stm32g4xx_hal_timebase_tim.c.o
LOAD stm32g4xx_ll_utils.c.o
LOAD stm32g4xx_ll_exti.c.o
LOAD stm32g4xx_hal_tim.c.o
LOAD stm32g4xx_hal_tim_ex.c.o
LOAD stm32g4xx_ll_gpio.c.o
LOAD stm32g4xx_ll_dma.c.o
LOAD stm32g4xx_ll_lpuart.c.o
LOAD stm32g4xx_ll_rcc.c.o
LOAD stm32g4xx_ll_pwr.c.o
LOAD stm32g4xx_hal.c.o
LOAD stm32g4xx_hal_rcc.c.o
LOAD stm32g4xx_hal_rcc_ex.c.o
LOAD stm32g4xx_hal_flash.c.o
LOAD stm32g4xx_hal_flash_ex.c.o
LOAD stm32g4xx_hal_flash_ramfunc.c.o
LOAD stm32g4xx_hal_gpio.c.o
LOAD stm32g4xx_hal_exti.c.o
LOAD stm32g4xx_hal_dma.c.o
LOAD stm32g4xx_hal_dma_ex.c.o
LOAD stm32g4xx_hal_pwr.c.o
LOAD stm32g4xx_hal_pwr_ex.c.o
LOAD stm32g4xx_hal_cortex.c.o
LOAD stm32g4xx_ll_tim.c.o
LOAD system_stm32g4xx.c.o
LOAD syscalls.c.o
LOAD sysmem.c.o
LOAD startup_stm32g474retx.s.o
LOAD stm_timer_ll.c.o
LOAD C:/ProgramData/MATLAB/SupportPackages/R2025a/3P.instrset/cmsis_dsp.instrset/Lib/GCC/arm_cortexm4ldfsp_math/libCMSISDSP.a
LOAD C:/ProgramData/MATLAB/SupportPackages/R2025a/toolbox/shared/supportpackages/stm32/lib/GCC/libmw_pdmfilter_m4_spfp.lib
LOAD C:/ProgramData/MATLAB/SupportPackages/R2025a/3P.instrset/gnuarm-armcortex.instrset/win/bin/../lib/gcc/arm-none-eabi/13.2.1/thumb/v7e-m+fp/hard\libstdc++_nano.a
LOAD C:/ProgramData/MATLAB/SupportPackages/R2025a/3P.instrset/gnuarm-armcortex.instrset/win/bin/../lib/gcc/arm-none-eabi/13.2.1/thumb/v7e-m+fp/hard\libm.a
START GROUP
LOAD C:/ProgramData/MATLAB/SupportPackages/R2025a/3P.instrset/gnuarm-armcortex.instrset/win/bin/../lib/gcc/arm-none-eabi/13.2.1/thumb/v7e-m+fp/hard\libgcc.a
LOAD C:/ProgramData/MATLAB/SupportPackages/R2025a/3P.instrset/gnuarm-armcortex.instrset/win/bin/../lib/gcc/arm-none-eabi/13.2.1/thumb/v7e-m+fp/hard\libg_nano.a
LOAD C:/ProgramData/MATLAB/SupportPackages/R2025a/3P.instrset/gnuarm-armcortex.instrset/win/bin/../lib/gcc/arm-none-eabi/13.2.1/thumb/v7e-m+fp/hard\libc_nano.a
END GROUP
START GROUP
LOAD C:/ProgramData/MATLAB/SupportPackages/R2025a/3P.instrset/gnuarm-armcortex.instrset/win/bin/../lib/gcc/arm-none-eabi/13.2.1/thumb/v7e-m+fp/hard\libgcc.a
LOAD C:/ProgramData/MATLAB/SupportPackages/R2025a/3P.instrset/gnuarm-armcortex.instrset/win/bin/../lib/gcc/arm-none-eabi/13.2.1/thumb/v7e-m+fp/hard\libc_nano.a
LOAD C:/ProgramData/MATLAB/SupportPackages/R2025a/3P.instrset/gnuarm-armcortex.instrset/win/bin/../lib/gcc/arm-none-eabi/13.2.1/thumb/v7e-m+fp/hard\libnosys.a
END GROUP
START GROUP
LOAD C:/ProgramData/MATLAB/SupportPackages/R2025a/3P.instrset/gnuarm-armcortex.instrset/win/bin/../lib/gcc/arm-none-eabi/13.2.1/thumb/v7e-m+fp/hard\libgcc.a
LOAD C:/ProgramData/MATLAB/SupportPackages/R2025a/3P.instrset/gnuarm-armcortex.instrset/win/bin/../lib/gcc/arm-none-eabi/13.2.1/thumb/v7e-m+fp/hard\libc_nano.a
LOAD C:/ProgramData/MATLAB/SupportPackages/R2025a/3P.instrset/gnuarm-armcortex.instrset/win/bin/../lib/gcc/arm-none-eabi/13.2.1/thumb/v7e-m+fp/hard\libnosys.a
END GROUP
LOAD C:/ProgramData/MATLAB/SupportPackages/R2025a/3P.instrset/gnuarm-armcortex.instrset/win/bin/../lib/gcc/arm-none-eabi/13.2.1/thumb/v7e-m+fp/hard/crtend.o
LOAD C:/ProgramData/MATLAB/SupportPackages/R2025a/3P.instrset/gnuarm-armcortex.instrset/win/bin/../lib/gcc/arm-none-eabi/13.2.1/thumb/v7e-m+fp/hard/crtn.o
                0x20020000                        _estack = (ORIGIN (RAM) + LENGTH (RAM))
                0x00000200                        _Min_Heap_Size = 0x200
                0x00000400                        _Min_Stack_Size = 0x400

.isr_vector     0x08000000      0x1d8
                0x08000000                        . = ALIGN (0x4)
 *(.isr_vector)
 .isr_vector    0x08000000      0x1d8 startup_stm32g474retx.s.o
                0x08000000                g_pfnVectors
                0x080001d8                        . = ALIGN (0x4)

.text           0x080001d8     0xcd38
                0x080001d8                        . = ALIGN (0x4)
 *(.text)
 .text          0x080001d8      0x378 C:/ProgramData/MATLAB/SupportPackages/R2025a/3P.instrset/gnuarm-armcortex.instrset/win/bin/../lib/gcc/arm-none-eabi/13.2.1/thumb/v7e-m+fp/hard\libgcc.a(_arm_addsubdf3.o)
                0x080001d8                __aeabi_drsub
                0x080001e0                __aeabi_dsub
                0x080001e0                __subdf3
                0x080001e4                __aeabi_dadd
                0x080001e4                __adddf3
                0x0800045c                __floatunsidf
                0x0800045c                __aeabi_ui2d
                0x0800047c                __floatsidf
                0x0800047c                __aeabi_i2d
                0x080004a0                __aeabi_f2d
                0x080004a0                __extendsfdf2
                0x080004e4                __floatundidf
                0x080004e4                __aeabi_ul2d
                0x080004f4                __floatdidf
                0x080004f4                __aeabi_l2d
 .text          0x08000550      0x424 C:/ProgramData/MATLAB/SupportPackages/R2025a/3P.instrset/gnuarm-armcortex.instrset/win/bin/../lib/gcc/arm-none-eabi/13.2.1/thumb/v7e-m+fp/hard\libgcc.a(_arm_muldivdf3.o)
                0x08000550                __aeabi_dmul
                0x08000550                __muldf3
                0x080007a4                __divdf3
                0x080007a4                __aeabi_ddiv
 .text          0x08000974      0x110 C:/ProgramData/MATLAB/SupportPackages/R2025a/3P.instrset/gnuarm-armcortex.instrset/win/bin/../lib/gcc/arm-none-eabi/13.2.1/thumb/v7e-m+fp/hard\libgcc.a(_arm_cmpdf2.o)
                0x08000974                __gtdf2
                0x08000974                __gedf2
                0x0800097c                __ltdf2
                0x0800097c                __ledf2
                0x08000984                __nedf2
                0x08000984                __eqdf2
                0x08000984                __cmpdf2
                0x08000a00                __aeabi_cdrcmple
                0x08000a10                __aeabi_cdcmpeq
                0x08000a10                __aeabi_cdcmple
                0x08000a20                __aeabi_dcmpeq
                0x08000a34                __aeabi_dcmplt
                0x08000a48                __aeabi_dcmple
                0x08000a5c                __aeabi_dcmpge
                0x08000a70                __aeabi_dcmpgt
 .text          0x08000a84       0x2c C:/ProgramData/MATLAB/SupportPackages/R2025a/3P.instrset/gnuarm-armcortex.instrset/win/bin/../lib/gcc/arm-none-eabi/13.2.1/thumb/v7e-m+fp/hard\libgcc.a(_arm_unorddf2.o)
                0x08000a84                __unorddf2
                0x08000a84                __aeabi_dcmpun
 .text          0x08000ab0       0x40 C:/ProgramData/MATLAB/SupportPackages/R2025a/3P.instrset/gnuarm-armcortex.instrset/win/bin/../lib/gcc/arm-none-eabi/13.2.1/thumb/v7e-m+fp/hard\libgcc.a(_arm_fixunsdfsi.o)
                0x08000ab0                __aeabi_d2uiz
                0x08000ab0                __fixunsdfsi
 .text          0x08000af0       0x30 C:/ProgramData/MATLAB/SupportPackages/R2025a/3P.instrset/gnuarm-armcortex.instrset/win/bin/../lib/gcc/arm-none-eabi/13.2.1/thumb/v7e-m+fp/hard\libgcc.a(_aeabi_uldivmod.o)
                0x08000af0                __aeabi_uldivmod
 .text          0x08000b20        0x4 C:/ProgramData/MATLAB/SupportPackages/R2025a/3P.instrset/gnuarm-armcortex.instrset/win/bin/../lib/gcc/arm-none-eabi/13.2.1/thumb/v7e-m+fp/hard\libgcc.a(_dvmd_tls.o)
                0x08000b20                __aeabi_idiv0
                0x08000b20                __aeabi_ldiv0
 *(.text*)
 .text.deregister_tm_clones
                0x08000b24       0x1c C:/ProgramData/MATLAB/SupportPackages/R2025a/3P.instrset/gnuarm-armcortex.instrset/win/bin/../lib/gcc/arm-none-eabi/13.2.1/thumb/v7e-m+fp/hard/crtbegin.o
 .text.register_tm_clones
                0x08000b40       0x24 C:/ProgramData/MATLAB/SupportPackages/R2025a/3P.instrset/gnuarm-armcortex.instrset/win/bin/../lib/gcc/arm-none-eabi/13.2.1/thumb/v7e-m+fp/hard/crtbegin.o
 .text.__do_global_dtors_aux
                0x08000b64       0x28 C:/ProgramData/MATLAB/SupportPackages/R2025a/3P.instrset/gnuarm-armcortex.instrset/win/bin/../lib/gcc/arm-none-eabi/13.2.1/thumb/v7e-m+fp/hard/crtbegin.o
 .text.frame_dummy
                0x08000b8c       0x24 C:/ProgramData/MATLAB/SupportPackages/R2025a/3P.instrset/gnuarm-armcortex.instrset/win/bin/../lib/gcc/arm-none-eabi/13.2.1/thumb/v7e-m+fp/hard/crtbegin.o
 .text.extmodeParseArgs
                0x08000bb0       0x1e xcp_ext_mode.c.o
                0x08000bb0                extmodeParseArgs
 *fill*         0x08000bce        0x2 
 .text.extmodeInit
                0x08000bd0      0x128 xcp_ext_mode.c.o
                0x08000bd0                extmodeInit
 .text.extmodeWaitForHostRequest
                0x08000cf8       0xcc xcp_ext_mode.c.o
                0x08000cf8                extmodeWaitForHostRequest
 .text.extmodeEvent
                0x08000dc4       0xfc xcp_ext_mode.c.o
                0x08000dc4                extmodeEvent
 .text.extmodeBackgroundRun
                0x08000ec0       0x20 xcp_ext_mode.c.o
                0x08000ec0                extmodeBackgroundRun
 .text.extmodeReset
                0x08000ee0       0x40 xcp_ext_mode.c.o
                0x08000ee0                extmodeReset
 .text.extmodeStopRequested
                0x08000f20       0x18 xcp_ext_mode.c.o
                0x08000f20                extmodeStopRequested
 .text.extmodeSimulationComplete
                0x08000f38       0x18 xcp_ext_mode.c.o
                0x08000f38                extmodeSimulationComplete
 .text.LL_TIM_EnableCounter
                0x08000f50       0x20 Encoder_reader_simulink.c.o
 .text.LL_TIM_DisableCounter
                0x08000f70       0x20 Encoder_reader_simulink.c.o
 .text.LL_TIM_SetUpdateSource
                0x08000f90       0x26 Encoder_reader_simulink.c.o
 .text.LL_TIM_GetUpdateSource
                0x08000fb6       0x1c Encoder_reader_simulink.c.o
 .text.LL_TIM_SetRepetitionCounter
                0x08000fd2       0x1c Encoder_reader_simulink.c.o
 .text.LL_TIM_GenerateEvent_UPDATE
                0x08000fee       0x20 Encoder_reader_simulink.c.o
 .text.LL_GPIO_ReadInputPort
                0x0800100e       0x18 Encoder_reader_simulink.c.o
 *fill*         0x08001026        0x2 
 .text.isSlaveTriggerModeEnabled
                0x08001028       0x30 Encoder_reader_simulink.c.o
 .text.enableCounter
                0x08001058      0x118 Encoder_reader_simulink.c.o
 .text.disableCounter
                0x08001170       0x1a Encoder_reader_simulink.c.o
 *fill*         0x0800118a        0x2 
 .text.Encoder_reader_SystemCore_setup
                0x0800118c       0x94 Encoder_reader_simulink.c.o
 .text.Encoder_reader_simulink_step
                0x08001220      0x468 Encoder_reader_simulink.c.o
                0x08001220                Encoder_reader_simulink_step
 .text.Encoder_reader_simulink_initialize
                0x08001688      0x194 Encoder_reader_simulink.c.o
                0x08001688                Encoder_reader_simulink_initialize
 .text.Encoder_reader_simulink_terminate
                0x0800181c       0x98 Encoder_reader_simulink.c.o
                0x0800181c                Encoder_reader_simulink_terminate
 .text.rt_OneStep
                0x080018b4       0x4c ert_main.c.o
                0x080018b4                rt_OneStep
 .text.main     0x08001900      0x190 ert_main.c.o
                0x08001900                main
 .text.xcp_void_printf
                0x08001a90       0x12 xcp_ext_common.c.o
                0x08001a90                xcp_void_printf
 .text.xcpCopyTimeValue
                0x08001aa2       0x26 xcp_ext_common.c.o
 .text.xcpExtModeUpdateTime
                0x08001ac8      0x13c xcp_ext_common.c.o
                0x08001ac8                xcpExtModeUpdateTime
 .text.xcpExtModeInit
                0x08001c04       0xb0 xcp_ext_common.c.o
                0x08001c04                xcpExtModeInit
 .text.xcpExtModeRunBackground
                0x08001cb4      0x13c xcp_ext_common.c.o
                0x08001cb4                xcpExtModeRunBackground
 .text.xcpExtModeReset
                0x08001df0      0x128 xcp_ext_common.c.o
                0x08001df0                xcpExtModeReset
 .text.sampleSignalTrigger
                0x08001f18      0x1b4 xcp_ext_classic_trigger.c.o
 .text.updateTriggerStatus
                0x080020cc      0x2b8 xcp_ext_classic_trigger.c.o
 .text.xcpExtModeClassicTriggerInit
                0x08002384       0x68 xcp_ext_classic_trigger.c.o
                0x08002384                xcpExtModeClassicTriggerInit
 .text.xcpExtModeClassicTriggerEnabled
                0x080023ec      0x100 xcp_ext_classic_trigger.c.o
                0x080023ec                xcpExtModeClassicTriggerEnabled
 .text.xcpExtModeClassicTriggerReset
                0x080024ec       0xf4 xcp_ext_classic_trigger.c.o
                0x080024ec                xcpExtModeClassicTriggerReset
 .text.xcpExtModeClassicTriggerForceEnableStatusUpdate
                0x080025e0       0x78 xcp_ext_classic_trigger.c.o
                0x080025e0                xcpExtModeClassicTriggerForceEnableStatusUpdate
 .text.msgBufferRealloc
                0x08002658       0x72 xcp.c.o
 *fill*         0x080026ca        0x2 
 .text.discardInputPacketHandler
                0x080026cc       0x3c xcp.c.o
 .text.unknownInputPacketHandler
                0x08002708       0x34 xcp.c.o
 .text.xcpGetPacketGroupID
                0x0800273c       0x74 xcp.c.o
 .text.xcpGetPacketHandlers
                0x080027b0      0x124 xcp.c.o
 .text.xcpStatusSet
                0x080028d4       0x20 xcp.c.o
                0x080028d4                xcpStatusSet
 .text.xcpSessionStatusGet
                0x080028f4       0x18 xcp.c.o
                0x080028f4                xcpSessionStatusGet
 .text.xcpSessionStatusSetMask
                0x0800290c       0x28 xcp.c.o
                0x0800290c                xcpSessionStatusSetMask
 .text.xcpSessionStatusClearMask
                0x08002934       0x34 xcp.c.o
                0x08002934                xcpSessionStatusClearMask
 .text.xcpResourceProtectionStatusGet
                0x08002968       0x18 xcp.c.o
                0x08002968                xcpResourceProtectionStatusGet
 .text.xcpSessionConfigurationIdGet
                0x08002980       0x18 xcp.c.o
                0x08002980                xcpSessionConfigurationIdGet
 .text.genericOutputPacketHandler
                0x08002998      0x11c xcp.c.o
                0x08002998                genericOutputPacketHandler
 .text.xcpFindPacket
                0x08002ab4       0x6e xcp.c.o
                0x08002ab4                xcpFindPacket
 *fill*         0x08002b22        0x2 
 .text.xcpInit  0x08002b24       0x64 xcp.c.o
                0x08002b24                xcpInit
 .text.xcpRun   0x08002b88      0x194 xcp.c.o
                0x08002b88                xcpRun
 .text.xcpEvent
                0x08002d1c       0x50 xcp.c.o
                0x08002d1c                xcpEvent
 .text.xcpGetStatus
                0x08002d6c       0x18 xcp.c.o
                0x08002d6c                xcpGetStatus
 .text.xcpReset
                0x08002d84       0x40 xcp.c.o
                0x08002d84                xcpReset
 .text.xcpPackedModeEventsFlush
                0x08002dc4       0x1e xcp.c.o
                0x08002dc4                xcpPackedModeEventsFlush
 .text.xcpPackedModeEventReset
                0x08002de2       0x2a xcp.c.o
                0x08002de2                xcpPackedModeEventReset
 .text.isValidUploadSize
                0x08002e0c       0x30 xcp_standard.c.o
 .text.xcpMemcpyFromMTA
                0x08002e3c       0x38 xcp_standard.c.o
 .text.connectInputPacketHandler
                0x08002e74       0xa4 xcp_standard.c.o
 .text.connectOutputPacketHandler
                0x08002f18       0xd4 xcp_standard.c.o
 .text.disconnectInputPacketHandler
                0x08002fec       0x54 xcp_standard.c.o
 .text.getStatusInputPacketHandler
                0x08003040       0x28 xcp_standard.c.o
 .text.getStatusOutputPacketHandler
                0x08003068       0x80 xcp_standard.c.o
 .text.synchInputPacketHandler
                0x080030e8       0x44 xcp_standard.c.o
 .text.setMTAInputPacketHandler
                0x0800312c       0x78 xcp_standard.c.o
 .text.uploadInputPacketHandler
                0x080031a4       0x98 xcp_standard.c.o
 .text.uploadOutputPacketHandler
                0x0800323c       0x9c xcp_standard.c.o
 .text.shortUploadInputPacketHandler
                0x080032d8       0xa4 xcp_standard.c.o
 .text.shortUploadOutputPacketHandler
                0x0800337c       0x9c xcp_standard.c.o
 .text.getPacket
                0x08003418       0x24 xcp_standard.c.o
 .text.xcpStandardInit
                0x0800343c       0x18 xcp_standard.c.o
                0x0800343c                xcpStandardInit
 .text.xcpStandardGetPacketLookup
                0x08003454       0x18 xcp_standard.c.o
                0x08003454                xcpStandardGetPacketLookup
 .text.xcpStandardSetPacketLookup
                0x0800346c       0x20 xcp_standard.c.o
                0x0800346c                xcpStandardSetPacketLookup
 .text.xcpStandardReset
                0x0800348c       0x12 xcp_standard.c.o
                0x0800348c                xcpStandardReset
 *fill*         0x0800349e        0x2 
 .text.xcpStandardGetAddressFromMta
                0x080034a0       0x18 xcp_standard.c.o
                0x080034a0                xcpStandardGetAddressFromMta
 .text.xcpStandardSetMta
                0x080034b8       0x3c xcp_standard.c.o
                0x080034b8                xcpStandardSetMta
 .text.xcpStandardIncrementMta
                0x080034f4       0x28 xcp_standard.c.o
                0x080034f4                xcpStandardIncrementMta
 .text.xcpStandardExtendedInit
                0x0800351c        0xe xcp_standard.c.o
                0x0800351c                xcpStandardExtendedInit
 .text.xcpStandardExtendedReset
                0x0800352a        0xe xcp_standard.c.o
                0x0800352a                xcpStandardExtendedReset
 .text.xcpDaqWriteLock
                0x08003538       0x4c xcp_daq.c.o
 .text.xcpDaqWriteUnlock
                0x08003584       0x20 xcp_daq.c.o
 .text.xcpDaqReadLock
                0x080035a4       0x38 xcp_daq.c.o
 .text.xcpDaqReadUnlock
                0x080035dc       0x38 xcp_daq.c.o
 .text.isActiveDaqList
                0x08003614       0x50 xcp_daq.c.o
 .text.noActiveDaqLists
                0x08003664       0x50 xcp_daq.c.o
 .text.isValidDaqPtr
                0x080036b4       0xb8 xcp_daq.c.o
 .text.isValidDaqEntry
                0x0800376c       0x36 xcp_daq.c.o
 .text.isSupportedDaqListMode
                0x080037a2       0x26 xcp_daq.c.o
 .text.isValidStartStopMode
                0x080037c8       0x32 xcp_daq.c.o
 .text.isValidStartStopSynchMode
                0x080037fa       0x32 xcp_daq.c.o
 .text.absoluteOdtNumberIdentification
                0x0800382c       0x10 xcp_daq.c.o
 .text.isDaqPackedModeEnabled
                0x0800383c       0x6c xcp_daq.c.o
 .text.odtPacketSize
                0x080038a8       0x54 xcp_daq.c.o
 .text.createDaqReservedPool
                0x080038fc       0x88 xcp_daq.c.o
 .text.destroyDaqReservedPool
                0x08003984       0x2c xcp_daq.c.o
 .text.setDaqPtrInputPacketHandler
                0x080039b0       0xdc xcp_daq.c.o
 .text.writeDaqInputPacketHandler
                0x08003a8c      0x198 xcp_daq.c.o
 .text.setDaqListModeInputPacketHandler
                0x08003c24      0x1c8 xcp_daq.c.o
 .text.startStopDaqListInputPacketHandler
                0x08003dec      0x3f4 xcp_daq.c.o
 .text.startStopDaqListOutputPacketHandler
                0x080041e0       0x5c xcp_daq.c.o
 .text.startStopSynchInputPacketHandler
                0x0800423c      0x328 xcp_daq.c.o
 .text.getDaqProcessorInfoInputPacketHandler
                0x08004564       0x28 xcp_daq.c.o
 .text.getDaqProcessorInfoOutputPacketHandler
                0x0800458c       0xac xcp_daq.c.o
 .text.getDaqResolutionInfoInputPacketHandler
                0x08004638       0x28 xcp_daq.c.o
 .text.getDaqResolutionInfoOutputPacketHandler
                0x08004660       0xb8 xcp_daq.c.o
 .text.freeDaqInputPacketHandler
                0x08004718       0x5c xcp_daq.c.o
 .text.allocDaqInputPacketHandler
                0x08004774      0x18c xcp_daq.c.o
 .text.allocOdtInputPacketHandler
                0x08004900      0x1c0 xcp_daq.c.o
 .text.allocOdtEntryInputPacketHandler
                0x08004ac0      0x270 xcp_daq.c.o
 .text.getDaqClockInputPacketHandler
                0x08004d30       0x22 xcp_daq.c.o
 *fill*         0x08004d52        0x2 
 .text.setDaqPackedModeInputPacketHandler
                0x08004d54      0x21c xcp_daq.c.o
 .text.level1CommandInputPacketHandler
                0x08004f70       0x64 xcp_daq.c.o
 .text.getPacket
                0x08004fd4       0x24 xcp_daq.c.o
 .text.xcpDaqInit
                0x08004ff8       0x38 xcp_daq.c.o
                0x08004ff8                xcpDaqInit
 .text.xcpDaqGetPacketLookup
                0x08005030       0x18 xcp_daq.c.o
                0x08005030                xcpDaqGetPacketLookup
 .text.xcpDaqSetPacketLookup
                0x08005048       0x20 xcp_daq.c.o
                0x08005048                xcpDaqSetPacketLookup
 .text.xcpResetDaq
                0x08005068       0xa4 xcp_daq.c.o
 .text.daqWriteXCPDataForOdt
                0x0800510c       0x7c xcp_daq.c.o
 .text.odtWriteEntries
                0x08005188       0x9c xcp_daq.c.o
 .text.xcpProcessDaq
                0x08005224      0x208 xcp_daq.c.o
 .text.xcpDaqEvent
                0x0800542c      0x108 xcp_daq.c.o
                0x0800542c                xcpDaqEvent
 .text.xcpDaqEventsFlush
                0x08005534      0x284 xcp_daq.c.o
                0x08005534                xcpDaqEventsFlush
 .text.xcpDaqLock
                0x080057b8       0x1e xcp_daq.c.o
                0x080057b8                xcpDaqLock
 .text.xcpDaqUnlock
                0x080057d6        0xe xcp_daq.c.o
                0x080057d6                xcpDaqUnlock
 .text.xcpResetDaqListStatus
                0x080057e4      0x19c xcp_daq.c.o
                0x080057e4                xcpResetDaqListStatus
 .text.xcpDaqReset
                0x08005980       0x20 xcp_daq.c.o
                0x08005980                xcpDaqReset
 .text.xcpDaqExtendedInit
                0x080059a0        0xe xcp_daq.c.o
                0x080059a0                xcpDaqExtendedInit
 .text.xcpDaqExtendedReset
                0x080059ae        0xe xcp_daq.c.o
                0x080059ae                xcpDaqExtendedReset
 .text.isValidShortDownloadSize
                0x080059bc       0x34 xcp_calibration.c.o
 .text.isValidDownloadSize
                0x080059f0       0x3a xcp_calibration.c.o
 *fill*         0x08005a2a        0x2 
 .text.xcpMemcpyToMTA
                0x08005a2c       0x34 xcp_calibration.c.o
 .text.downloadInputPacketHandler
                0x08005a60       0xb0 xcp_calibration.c.o
 .text.shortDownloadInputPacketHandler
                0x08005b10       0xb8 xcp_calibration.c.o
 .text.getPacket
                0x08005bc8       0x24 xcp_calibration.c.o
 .text.xcpCalibrationInit
                0x08005bec       0x14 xcp_calibration.c.o
                0x08005bec                xcpCalibrationInit
 .text.xcpCalibrationGetPacketLookup
                0x08005c00       0x18 xcp_calibration.c.o
                0x08005c00                xcpCalibrationGetPacketLookup
 .text.xcpCalibrationSetPacketLookup
                0x08005c18       0x20 xcp_calibration.c.o
                0x08005c18                xcpCalibrationSetPacketLookup
 .text.xcpCalibrationReset
                0x08005c38        0xe xcp_calibration.c.o
                0x08005c38                xcpCalibrationReset
 .text.xcpFifoInit
                0x08005c46       0x20 xcp_fifo.c.o
                0x08005c46                xcpFifoInit
 .text.xcpFifoEnqueue
                0x08005c66       0x2a xcp_fifo.c.o
                0x08005c66                xcpFifoEnqueue
 .text.xcpFifoDequeue
                0x08005c90       0x3e xcp_fifo.c.o
                0x08005c90                xcpFifoDequeue
 .text.xcpFifoEnqueueHead
                0x08005cce       0x32 xcp_fifo.c.o
                0x08005cce                xcpFifoEnqueueHead
 .text.xcpFifoReset
                0x08005d00       0x16 xcp_fifo.c.o
                0x08005d00                xcpFifoReset
 *fill*         0x08005d16        0x2 
 .text.xcpTransportEmptyTxFifo
                0x08005d18       0x6c xcp_transport.c.o
 .text.xcpTransportEmptyRxFifo
                0x08005d84       0x6c xcp_transport.c.o
 .text.xcpTransportInit
                0x08005df0      0x138 xcp_transport.c.o
                0x08005df0                xcpTransportInit
 .text.xcpTransportTxReady
                0x08005f28       0x1a xcp_transport.c.o
                0x08005f28                xcpTransportTxReady
 .text.xcpTransportTxTrigger
                0x08005f42       0x1a xcp_transport.c.o
                0x08005f42                xcpTransportTxTrigger
 .text.xcpTransportTxPacketSet
                0x08005f5c      0x144 xcp_transport.c.o
                0x08005f5c                xcpTransportTxPacketSet
 .text.xcpTransportTx
                0x080060a0       0xec xcp_transport.c.o
                0x080060a0                xcpTransportTx
 .text.xcpTransportRx
                0x0800618c       0x80 xcp_transport.c.o
                0x0800618c                xcpTransportRx
 .text.xcpTransportRxPacketGet
                0x0800620c      0x12c xcp_transport.c.o
                0x0800620c                xcpTransportRxPacketGet
 .text.xcpTransportPacketOffset
                0x08006338       0x20 xcp_transport.c.o
                0x08006338                xcpTransportPacketOffset
 .text.xcpTransportMsgBufferSize
                0x08006358       0x70 xcp_transport.c.o
                0x08006358                xcpTransportMsgBufferSize
 .text.xcpTransportMaxDtoSize
                0x080063c8        0xe xcp_transport.c.o
                0x080063c8                xcpTransportMaxDtoSize
 .text.xcpTransportMaxCtoSize
                0x080063d6        0xe xcp_transport.c.o
                0x080063d6                xcpTransportMaxCtoSize
 .text.xcpTransportRestart
                0x080063e4       0x44 xcp_transport.c.o
                0x080063e4                xcpTransportRestart
 .text.xcpTransportResynch
                0x08006428       0x40 xcp_transport.c.o
                0x08006428                xcpTransportResynch
 .text.xcpTransportCtoReservedMemPoolId
                0x08006468       0x18 xcp_transport.c.o
                0x08006468                xcpTransportCtoReservedMemPoolId
 .text.xcpTransportReset
                0x08006480       0xe4 xcp_transport.c.o
                0x08006480                xcpTransportReset
 .text.xcpInitializePoolMemoryArea
                0x08006564       0x72 xcp_mem_default.c.o
 *fill*         0x080065d6        0x2 
 .text.xcpMemInit
                0x080065d8      0x1d4 xcp_mem_default.c.o
                0x080065d8                xcpMemInit
 .text.xcpMemAlloc
                0x080067ac       0xe8 xcp_mem_default.c.o
                0x080067ac                xcpMemAlloc
 .text.xcpMemFree
                0x08006894      0x170 xcp_mem_default.c.o
                0x08006894                xcpMemFree
 .text.xcpMemReservedPoolCreate
                0x08006a04      0x224 xcp_mem_default.c.o
                0x08006a04                xcpMemReservedPoolCreate
 .text.xcpMemReservedPoolDestroy
                0x08006c28      0x158 xcp_mem_default.c.o
                0x08006c28                xcpMemReservedPoolDestroy
 .text.xcpMemCustomPoolCreate
                0x08006d80       0xbc xcp_mem_default.c.o
                0x08006d80                xcpMemCustomPoolCreate
 .text.xcpMemCustomPoolDestroy
                0x08006e3c       0x64 xcp_mem_default.c.o
                0x08006e3c                xcpMemCustomPoolDestroy
 .text.xcpMemAllocFromPool
                0x08006ea0      0x170 xcp_mem_default.c.o
                0x08006ea0                xcpMemAllocFromPool
 .text.xcpMemReset
                0x08007010       0x50 xcp_mem_default.c.o
                0x08007010                xcpMemReset
 .text.xcpDrvOpen
                0x08007060       0x64 xcp_drv_rtiostream.c.o
                0x08007060                xcpDrvOpen
 .text.xcpDrvIoctl
                0x080070c4       0x4c xcp_drv_rtiostream.c.o
                0x080070c4                xcpDrvIoctl
 .text.xcpDrvSend
                0x08007110      0x14c xcp_drv_rtiostream.c.o
                0x08007110                xcpDrvSend
 .text.xcpDrvRecv
                0x0800725c      0x14c xcp_drv_rtiostream.c.o
                0x0800725c                xcpDrvRecv
 .text.xcpDrvClose
                0x080073a8       0x5c xcp_drv_rtiostream.c.o
                0x080073a8                xcpDrvClose
 .text.xcpSortArray
                0x08007404       0xcc xcp_utils.c.o
                0x08007404                xcpSortArray
 .text.xcpSxiHtons
                0x080074d0       0x18 xcp_frame_serial.c.o
 .text.xcpSxiNtohs
                0x080074e8       0x1c xcp_frame_serial.c.o
 .text.xcpSxiChecksum
                0x08007504       0x3e xcp_frame_serial.c.o
                0x08007504                xcpSxiChecksum
 *fill*         0x08007542        0x2 
 .text.xcpFrameInit
                0x08007544       0x70 xcp_frame_serial.c.o
                0x08007544                xcpFrameInit
 .text.xcpFrameMsgSend
                0x080075b4      0x188 xcp_frame_serial.c.o
                0x080075b4                xcpFrameMsgSend
 .text.xcpFrameMsgRecv
                0x0800773c      0x180 xcp_frame_serial.c.o
                0x0800773c                xcpFrameMsgRecv
 .text.xcpFrameCreateMsg
                0x080078bc       0x94 xcp_frame_serial.c.o
                0x080078bc                xcpFrameCreateMsg
 .text.xcpFrameExtractPacket
                0x08007950      0x158 xcp_frame_serial.c.o
                0x08007950                xcpFrameExtractPacket
 .text.xcpFrameHeaderSize
                0x08007aa8       0x10 xcp_frame_serial.c.o
                0x08007aa8                xcpFrameHeaderSize
 .text.xcpFrameTailSize
                0x08007ab8       0x10 xcp_frame_serial.c.o
                0x08007ab8                xcpFrameTailSize
 .text.xcpFrameMaxDtoSize
                0x08007ac8       0x12 xcp_frame_serial.c.o
                0x08007ac8                xcpFrameMaxDtoSize
 .text.xcpFrameMaxCtoSize
                0x08007ada       0x10 xcp_frame_serial.c.o
                0x08007ada                xcpFrameMaxCtoSize
 *fill*         0x08007aea        0x2 
 .text.xcpFrameRestart
                0x08007aec       0x30 xcp_frame_serial.c.o
                0x08007aec                xcpFrameRestart
 .text.xcpFrameSetCtoReservedMemPoolId
                0x08007b1c       0x20 xcp_frame_serial.c.o
                0x08007b1c                xcpFrameSetCtoReservedMemPoolId
 .text.xcpFrameReset
                0x08007b3c       0x70 xcp_frame_serial.c.o
                0x08007b3c                xcpFrameReset
 .text.xcpTransportGetInitParameters
                0x08007bac       0x2e xcp_ext_param_default_serial.c.o
                0x08007bac                xcpTransportGetInitParameters
 .text.xcpGetInitParameters
                0x08007bda       0x2e xcp_ext_param_default_serial.c.o
                0x08007bda                xcpGetInitParameters
 .text.HAL_Delay
                0x08007c08       0x2e overrideHALDelay.c.o
                0x08007c08                HAL_Delay
 *fill*         0x08007c36        0x2 
 .text.PeriphCommonClock_Config
                0x08007c38       0x10 platform_timer.c.o
                0x08007c38                PeriphCommonClock_Config
 .text.getCurrentTimestampInMicros
                0x08007c48       0x3c platform_timer.c.o
                0x08007c48                getCurrentTimestampInMicros
 .text.returnTimeElapsed
                0x08007c84       0x2c platform_timer.c.o
                0x08007c84                returnTimeElapsed
 .text.timestampInit
                0x08007cb0       0x28 platform_timer.c.o
 .text.getCurrentTimestamp
                0x08007cd8       0x44 platform_timer.c.o
                0x08007cd8                getCurrentTimestamp
 .text.__NVIC_SetPriority
                0x08007d1c       0x54 SysTickScheduler.c.o
 .text.SysTick_Config
                0x08007d70       0x44 SysTickScheduler.c.o
 .text.SysTick_Isr
                0x08007db4       0x48 SysTickScheduler.c.o
 .text.SysTick_Handler
                0x08007dfc       0x20 SysTickScheduler.c.o
                0x08007dfc                SysTick_Handler
 .text.ARMCM_SysTick_Config
                0x08007e1c       0xb0 SysTickScheduler.c.o
                0x08007e1c                ARMCM_SysTick_Config
 .text.PendSV_Handler
                0x08007ecc       0x44 m3m4m4f_multitasking.c.o
                0x08007ecc                PendSV_Handler
 .text.SVC_Handler
                0x08007f10       0x58 m3m4m4f_multitasking.c.o
                0x08007f10                SVC_Handler
 .text.rtIOStreamOpen
                0x08007f68       0x44 rtiostream_serial.c.o
                0x08007f68                rtIOStreamOpen
 .text.rtIOStreamSend
                0x08007fac       0x38 rtiostream_serial.c.o
                0x08007fac                rtIOStreamSend
 .text.rtIOStreamRecv
                0x08007fe4       0x48 rtiostream_serial.c.o
                0x08007fe4                rtIOStreamRecv
 .text.rtIOStreamClose
                0x0800802c       0x20 rtiostream_serial.c.o
                0x0800802c                rtIOStreamClose
 .text.LL_DMA_GetDataLength
                0x0800804c       0x30 stm_usart.c.o
 .text.getAvailableDataInBuffer
                0x0800807c       0xcc stm_usart.c.o
                0x0800807c                getAvailableDataInBuffer
 .text.getBytesToBeReadFromBuffer
                0x08008148       0x6e stm_usart.c.o
                0x08008148                getBytesToBeReadFromBuffer
 *fill*         0x080081b6        0x2 
 .text.readDataFromBuffer
                0x080081b8       0xdc stm_usart.c.o
                0x080081b8                readDataFromBuffer
 .text.__NVIC_GetPriorityGrouping
                0x08008294       0x1c stm_lpuart.c.o
 .text.__NVIC_EnableIRQ
                0x080082b0       0x3c stm_lpuart.c.o
 .text.__NVIC_SetPriority
                0x080082ec       0x54 stm_lpuart.c.o
 .text.NVIC_EncodePriority
                0x08008340       0x66 stm_lpuart.c.o
 *fill*         0x080083a6        0x2 
 .text.LL_DMA_EnableChannel
                0x080083a8       0x44 stm_lpuart.c.o
 .text.LL_DMA_DisableChannel
                0x080083ec       0x44 stm_lpuart.c.o
 .text.LL_DMA_GetMode
                0x08008430       0x34 stm_lpuart.c.o
 .text.LL_DMA_SetDataLength
                0x08008464       0x4c stm_lpuart.c.o
 .text.LL_DMA_ConfigAddresses
                0x080084b0       0x7c stm_lpuart.c.o
 .text.LL_DMA_IsActiveFlag_TC1
                0x0800852c       0x26 stm_lpuart.c.o
 .text.LL_DMA_ClearFlag_TC1
                0x08008552       0x1a stm_lpuart.c.o
 .text.LL_DMA_EnableIT_TC
                0x0800856c       0x44 stm_lpuart.c.o
 .text.LL_DMA_DisableIT_TC
                0x080085b0       0x44 stm_lpuart.c.o
 .text.LL_DMA_IsEnabledIT_TC
                0x080085f4       0x3c stm_lpuart.c.o
 .text.LL_LPUART_Enable
                0x08008630       0x20 stm_lpuart.c.o
 .text.LL_LPUART_Disable
                0x08008650       0x20 stm_lpuart.c.o
 .text.LL_LPUART_IsEnabled
                0x08008670       0x26 stm_lpuart.c.o
 .text.LL_LPUART_IsActiveFlag_PE
                0x08008696       0x26 stm_lpuart.c.o
 .text.LL_LPUART_IsActiveFlag_FE
                0x080086bc       0x26 stm_lpuart.c.o
 .text.LL_LPUART_IsActiveFlag_NE
                0x080086e2       0x26 stm_lpuart.c.o
 .text.LL_LPUART_IsActiveFlag_ORE
                0x08008708       0x26 stm_lpuart.c.o
 .text.LL_LPUART_IsActiveFlag_TC
                0x0800872e       0x26 stm_lpuart.c.o
 .text.LL_LPUART_IsActiveFlag_TXE_TXFNF
                0x08008754       0x26 stm_lpuart.c.o
 .text.LL_LPUART_ClearFlag_PE
                0x0800877a       0x1a stm_lpuart.c.o
 .text.LL_LPUART_ClearFlag_FE
                0x08008794       0x1a stm_lpuart.c.o
 .text.LL_LPUART_ClearFlag_NE
                0x080087ae       0x1a stm_lpuart.c.o
 .text.LL_LPUART_ClearFlag_ORE
                0x080087c8       0x1a stm_lpuart.c.o
 .text.LL_LPUART_EnableIT_RXNE_RXFNE
                0x080087e2       0x42 stm_lpuart.c.o
 .text.LL_LPUART_EnableIT_PE
                0x08008824       0x42 stm_lpuart.c.o
 .text.LL_LPUART_EnableIT_ERROR
                0x08008866       0x46 stm_lpuart.c.o
 .text.LL_LPUART_DisableIT_RXNE_RXFNE
                0x080088ac       0x42 stm_lpuart.c.o
 .text.LL_LPUART_DisableIT_TXE_TXFNF
                0x080088ee       0x42 stm_lpuart.c.o
 .text.LL_LPUART_DisableIT_PE
                0x08008930       0x42 stm_lpuart.c.o
 .text.LL_LPUART_DisableIT_ERROR
                0x08008972       0x46 stm_lpuart.c.o
 .text.LL_LPUART_EnableDMAReq_RX
                0x080089b8       0x46 stm_lpuart.c.o
 .text.LL_LPUART_DisableDMAReq_RX
                0x080089fe       0x46 stm_lpuart.c.o
 .text.LL_LPUART_EnableDMAReq_TX
                0x08008a44       0x46 stm_lpuart.c.o
 .text.LL_LPUART_DisableDMAReq_TX
                0x08008a8a       0x46 stm_lpuart.c.o
 .text.LL_LPUART_DMA_GetRegAddr
                0x08008ad0       0x2c stm_lpuart.c.o
 .text.LL_LPUART_ReceiveData8
                0x08008afc       0x1a stm_lpuart.c.o
 .text.LL_LPUART_TransmitData8
                0x08008b16       0x1e stm_lpuart.c.o
 .text.LPUART_RXDMAInterruptHandler
                0x08008b34       0xd4 stm_lpuart.c.o
                0x08008b34                LPUART_RXDMAInterruptHandler
 .text.LPUART_IsActiveFlagError
                0x08008c08       0xf4 stm_lpuart.c.o
                0x08008c08                LPUART_IsActiveFlagError
 .text.LPUART1_IRQHandler
                0x08008cfc       0x14 stm_lpuart.c.o
                0x08008cfc                LPUART1_IRQHandler
 .text.DMA1_Channel1_IRQHandler
                0x08008d10       0x20 stm_lpuart.c.o
                0x08008d10                DMA1_Channel1_IRQHandler
 .text.LPUART_ConfigureReceiveDMA
                0x08008d30       0xae stm_lpuart.c.o
                0x08008d30                LPUART_ConfigureReceiveDMA
 .text.LPUART_ConfigureTransmitDMA
                0x08008dde       0x7a stm_lpuart.c.o
                0x08008dde                LPUART_ConfigureTransmitDMA
 .text.MW_LPUART_GetReadErrorStatus
                0x08008e58       0xc8 stm_lpuart.c.o
                0x08008e58                MW_LPUART_GetReadErrorStatus
 .text.MW_LPUART_Initialize
                0x08008f20      0x170 stm_lpuart.c.o
                0x08008f20                MW_LPUART_Initialize
 .text.MW_LPUART_ReceiveUsingBuffer
                0x08009090       0x5c stm_lpuart.c.o
                0x08009090                MW_LPUART_ReceiveUsingBuffer
 .text.MW_LPUART_TransmitUsingPolling
                0x080090ec      0x184 stm_lpuart.c.o
                0x080090ec                MW_LPUART_TransmitUsingPolling
 .text.MW_LPUART_DeInit
                0x08009270       0xaa stm_lpuart.c.o
                0x08009270                MW_LPUART_DeInit
 .text.sys_arch_protect_arm
                0x0800931a       0x22 sys_arch_arm.c.o
                0x0800931a                sys_arch_protect_arm
 .text.sys_arch_unprotect_arm
                0x0800933c       0x20 sys_arch_arm.c.o
                0x0800933c                sys_arch_unprotect_arm
 .text.__NVIC_GetPriorityGrouping
                0x0800935c       0x1c main.c.o
 .text.__NVIC_EnableIRQ
                0x08009378       0x3c main.c.o
 .text.__NVIC_SetPriority
                0x080093b4       0x54 main.c.o
 .text.NVIC_EncodePriority
                0x08009408       0x66 main.c.o
 *fill*         0x0800946e        0x2 
 .text.LL_DMA_SetDataTransferDirection
                0x08009470       0x50 main.c.o
 .text.LL_DMA_SetMode
                0x080094c0       0x4c main.c.o
 .text.LL_DMA_SetPeriphIncMode
                0x0800950c       0x4c main.c.o
 .text.LL_DMA_SetMemoryIncMode
                0x08009558       0x4c main.c.o
 .text.LL_DMA_SetPeriphSize
                0x080095a4       0x4c main.c.o
 .text.LL_DMA_SetMemorySize
                0x080095f0       0x4c main.c.o
 .text.LL_DMA_SetChannelPriorityLevel
                0x0800963c       0x4c main.c.o
 .text.LL_DMA_SetPeriphRequest
                0x08009688       0x54 main.c.o
 .text.LL_LPUART_Enable
                0x080096dc       0x20 main.c.o
 .text.LL_LPUART_DisableFIFO
                0x080096fc       0x20 main.c.o
 .text.LL_LPUART_SetTXFIFOThreshold
                0x0800971c       0x4e main.c.o
 .text.LL_LPUART_SetRXFIFOThreshold
                0x0800976a       0x4e main.c.o
 .text.LL_LPUART_IsActiveFlag_TEACK
                0x080097b8       0x28 main.c.o
 .text.LL_LPUART_IsActiveFlag_REACK
                0x080097e0       0x28 main.c.o
 .text.LL_RCC_HSI_Enable
                0x08009808       0x20 main.c.o
 .text.LL_RCC_HSI_IsReady
                0x08009828       0x28 main.c.o
 .text.LL_RCC_HSI_SetCalibTrimming
                0x08009850       0x2c main.c.o
 .text.LL_RCC_SetSysClkSource
                0x0800987c       0x28 main.c.o
 .text.LL_RCC_GetSysClkSource
                0x080098a4       0x1c main.c.o
 .text.LL_RCC_SetAHBPrescaler
                0x080098c0       0x28 main.c.o
 .text.LL_RCC_SetAPB1Prescaler
                0x080098e8       0x28 main.c.o
 .text.LL_RCC_SetAPB2Prescaler
                0x08009910       0x28 main.c.o
 .text.LL_RCC_SetLPUARTClockSource
                0x08009938       0x2c main.c.o
 .text.LL_RCC_PLL_Enable
                0x08009964       0x20 main.c.o
 .text.LL_RCC_PLL_IsReady
                0x08009984       0x28 main.c.o
 .text.LL_RCC_PLL_ConfigDomain_SYS
                0x080099ac       0x40 main.c.o
 .text.LL_RCC_PLL_EnableDomain_SYS
                0x080099ec       0x20 main.c.o
 .text.LL_AHB1_GRP1_EnableClock
                0x08009a0c       0x30 main.c.o
 .text.LL_AHB2_GRP1_EnableClock
                0x08009a3c       0x30 main.c.o
 .text.LL_APB1_GRP1_EnableClock
                0x08009a6c       0x30 main.c.o
 .text.LL_APB1_GRP2_EnableClock
                0x08009a9c       0x30 main.c.o
 .text.LL_APB2_GRP1_EnableClock
                0x08009acc       0x30 main.c.o
 .text.LL_FLASH_SetLatency
                0x08009afc       0x28 main.c.o
 .text.LL_FLASH_GetLatency
                0x08009b24       0x1c main.c.o
 .text.LL_PWR_EnableRange1BoostMode
                0x08009b40       0x24 main.c.o
 .text.LL_TIM_DisableARRPreload
                0x08009b64       0x20 main.c.o
 .text.LL_TIM_IC_SetActiveInput
                0x08009b84       0xc0 main.c.o
 .text.LL_TIM_IC_SetPrescaler
                0x08009c44       0xc0 main.c.o
 .text.LL_TIM_IC_SetFilter
                0x08009d04       0xc0 main.c.o
 .text.LL_TIM_IC_SetPolarity
                0x08009dc4       0xac main.c.o
 .text.LL_TIM_SetEncoderMode
                0x08009e70       0x2a main.c.o
 .text.LL_TIM_SetTriggerOutput
                0x08009e9a       0x2a main.c.o
 .text.LL_TIM_SetTriggerOutput2
                0x08009ec4       0x26 main.c.o
 .text.LL_TIM_DisableMasterSlaveMode
                0x08009eea       0x20 main.c.o
 *fill*         0x08009f0a        0x2 
 .text.SystemClock_Config
                0x08009f0c       0xb0 main.c.o
                0x08009f0c                SystemClock_Config
 .text.MX_LPUART1_UART_Init
                0x08009fbc      0x148 main.c.o
                0x08009fbc                MX_LPUART1_UART_Init
 .text.MX_TIM3_Init
                0x0800a104      0x114 main.c.o
                0x0800a104                MX_TIM3_Init
 .text.MX_TIM4_Init
                0x0800a218      0x118 main.c.o
                0x0800a218                MX_TIM4_Init
 .text.MX_TIM20_Init
                0x0800a330      0x130 main.c.o
                0x0800a330                MX_TIM20_Init
 .text.MX_DMA_Init
                0x0800a460       0x34 main.c.o
                0x0800a460                MX_DMA_Init
 .text.MX_GPIO_Init
                0x0800a494       0x88 main.c.o
                0x0800a494                MX_GPIO_Init
 .text.HAL_TIM_PeriodElapsedCallback
                0x0800a51c       0x1e main.c.o
                0x0800a51c                HAL_TIM_PeriodElapsedCallback
 .text.Error_Handler
                0x0800a53a        0xc main.c.o
                0x0800a53a                Error_Handler
 .text.NMI_Handler
                0x0800a546        0x8 stm32g4xx_it.c.o
                0x0800a546                NMI_Handler
 .text.HardFault_Handler
                0x0800a54e        0x8 stm32g4xx_it.c.o
                0x0800a54e                HardFault_Handler
 .text.MemManage_Handler
                0x0800a556        0x8 stm32g4xx_it.c.o
                0x0800a556                MemManage_Handler
 .text.BusFault_Handler
                0x0800a55e        0x8 stm32g4xx_it.c.o
                0x0800a55e                BusFault_Handler
 .text.UsageFault_Handler
                0x0800a566        0x8 stm32g4xx_it.c.o
                0x0800a566                UsageFault_Handler
 .text.DebugMon_Handler
                0x0800a56e        0xe stm32g4xx_it.c.o
                0x0800a56e                DebugMon_Handler
 .text.TIM2_IRQHandler
                0x0800a57c       0x14 stm32g4xx_it.c.o
                0x0800a57c                TIM2_IRQHandler
 .text.HAL_MspInit
                0x0800a590       0x48 stm32g4xx_hal_msp.c.o
                0x0800a590                HAL_MspInit
 .text.HAL_InitTick
                0x0800a5d8       0xd8 stm32g4xx_hal_timebase_tim.c.o
                0x0800a5d8                HAL_InitTick
 .text.LL_SetSystemCoreClock
                0x0800a6b0       0x20 stm32g4xx_ll_utils.c.o
                0x0800a6b0                LL_SetSystemCoreClock
 .text.HAL_TIM_Base_Init
                0x0800a6d0       0xae stm32g4xx_hal_tim.c.o
                0x0800a6d0                HAL_TIM_Base_Init
 .text.HAL_TIM_Base_MspInit
                0x0800a77e       0x14 stm32g4xx_hal_tim.c.o
                0x0800a77e                HAL_TIM_Base_MspInit
 *fill*         0x0800a792        0x2 
 .text.HAL_TIM_Base_Start_IT
                0x0800a794       0xf0 stm32g4xx_hal_tim.c.o
                0x0800a794                HAL_TIM_Base_Start_IT
 .text.HAL_TIM_IRQHandler
                0x0800a884      0x29e stm32g4xx_hal_tim.c.o
                0x0800a884                HAL_TIM_IRQHandler
 .text.HAL_TIM_OC_DelayElapsedCallback
                0x0800ab22       0x14 stm32g4xx_hal_tim.c.o
                0x0800ab22                HAL_TIM_OC_DelayElapsedCallback
 .text.HAL_TIM_IC_CaptureCallback
                0x0800ab36       0x14 stm32g4xx_hal_tim.c.o
                0x0800ab36                HAL_TIM_IC_CaptureCallback
 .text.HAL_TIM_PWM_PulseFinishedCallback
                0x0800ab4a       0x14 stm32g4xx_hal_tim.c.o
                0x0800ab4a                HAL_TIM_PWM_PulseFinishedCallback
 .text.HAL_TIM_TriggerCallback
                0x0800ab5e       0x14 stm32g4xx_hal_tim.c.o
                0x0800ab5e                HAL_TIM_TriggerCallback
 *fill*         0x0800ab72        0x2 
 .text.TIM_Base_SetConfig
                0x0800ab74      0x168 stm32g4xx_hal_tim.c.o
                0x0800ab74                TIM_Base_SetConfig
 .text.HAL_TIMEx_CommutCallback
                0x0800acdc       0x14 stm32g4xx_hal_tim_ex.c.o
                0x0800acdc                HAL_TIMEx_CommutCallback
 .text.HAL_TIMEx_BreakCallback
                0x0800acf0       0x14 stm32g4xx_hal_tim_ex.c.o
                0x0800acf0                HAL_TIMEx_BreakCallback
 .text.HAL_TIMEx_Break2Callback
                0x0800ad04       0x14 stm32g4xx_hal_tim_ex.c.o
                0x0800ad04                HAL_TIMEx_Break2Callback
 .text.HAL_TIMEx_EncoderIndexCallback
                0x0800ad18       0x14 stm32g4xx_hal_tim_ex.c.o
                0x0800ad18                HAL_TIMEx_EncoderIndexCallback
 .text.HAL_TIMEx_DirectionChangeCallback
                0x0800ad2c       0x14 stm32g4xx_hal_tim_ex.c.o
                0x0800ad2c                HAL_TIMEx_DirectionChangeCallback
 .text.HAL_TIMEx_IndexErrorCallback
                0x0800ad40       0x14 stm32g4xx_hal_tim_ex.c.o
                0x0800ad40                HAL_TIMEx_IndexErrorCallback
 .text.HAL_TIMEx_TransitionErrorCallback
                0x0800ad54       0x14 stm32g4xx_hal_tim_ex.c.o
                0x0800ad54                HAL_TIMEx_TransitionErrorCallback
 .text.LL_GPIO_SetPinMode
                0x0800ad68       0x7a stm32g4xx_ll_gpio.c.o
 .text.LL_GPIO_SetPinOutputType
                0x0800ade2       0x30 stm32g4xx_ll_gpio.c.o
 .text.LL_GPIO_SetPinSpeed
                0x0800ae12       0x7a stm32g4xx_ll_gpio.c.o
 .text.LL_GPIO_SetPinPull
                0x0800ae8c       0x7a stm32g4xx_ll_gpio.c.o
 .text.LL_GPIO_SetAFPin_0_7
                0x0800af06       0x7a stm32g4xx_ll_gpio.c.o
 .text.LL_GPIO_SetAFPin_8_15
                0x0800af80       0x7e stm32g4xx_ll_gpio.c.o
 .text.LL_GPIO_Init
                0x0800affe       0xdc stm32g4xx_ll_gpio.c.o
                0x0800affe                LL_GPIO_Init
 .text.LL_LPUART_IsEnabled
                0x0800b0da       0x26 stm32g4xx_ll_lpuart.c.o
 .text.LL_LPUART_SetPrescaler
                0x0800b100       0x28 stm32g4xx_ll_lpuart.c.o
 .text.LL_LPUART_SetStopBitsLength
                0x0800b128       0x26 stm32g4xx_ll_lpuart.c.o
 .text.LL_LPUART_SetHWFlowCtrl
                0x0800b14e       0x26 stm32g4xx_ll_lpuart.c.o
 .text.LL_LPUART_SetBaudRate
                0x0800b174       0x98 stm32g4xx_ll_lpuart.c.o
 .text.LL_LPUART_Init
                0x0800b20c       0x98 stm32g4xx_ll_lpuart.c.o
                0x0800b20c                LL_LPUART_Init
 .text.LL_RCC_HSI_IsReady
                0x0800b2a4       0x28 stm32g4xx_ll_rcc.c.o
 .text.LL_RCC_LSE_IsReady
                0x0800b2cc       0x28 stm32g4xx_ll_rcc.c.o
 .text.LL_RCC_GetSysClkSource
                0x0800b2f4       0x1c stm32g4xx_ll_rcc.c.o
 .text.LL_RCC_GetAHBPrescaler
                0x0800b310       0x1c stm32g4xx_ll_rcc.c.o
 .text.LL_RCC_GetAPB1Prescaler
                0x0800b32c       0x1c stm32g4xx_ll_rcc.c.o
 .text.LL_RCC_GetLPUARTClockSource
                0x0800b348       0x24 stm32g4xx_ll_rcc.c.o
 .text.LL_RCC_PLL_GetMainSource
                0x0800b36c       0x1c stm32g4xx_ll_rcc.c.o
 .text.LL_RCC_PLL_GetN
                0x0800b388       0x1c stm32g4xx_ll_rcc.c.o
 .text.LL_RCC_PLL_GetR
                0x0800b3a4       0x1c stm32g4xx_ll_rcc.c.o
 .text.LL_RCC_PLL_GetDivider
                0x0800b3c0       0x1c stm32g4xx_ll_rcc.c.o
 .text.LL_RCC_GetLPUARTClockFreq
                0x0800b3dc       0x84 stm32g4xx_ll_rcc.c.o
                0x0800b3dc                LL_RCC_GetLPUARTClockFreq
 .text.RCC_GetSystemClockFreq
                0x0800b460       0x4c stm32g4xx_ll_rcc.c.o
 .text.RCC_GetHCLKClockFreq
                0x0800b4ac       0x30 stm32g4xx_ll_rcc.c.o
 .text.RCC_GetPCLK1ClockFreq
                0x0800b4dc       0x2c stm32g4xx_ll_rcc.c.o
 .text.RCC_PLL_GetFreqDomain_SYS
                0x0800b508       0x68 stm32g4xx_ll_rcc.c.o
 .text.HAL_Init
                0x0800b570       0x30 stm32g4xx_hal.c.o
                0x0800b570                HAL_Init
 .text.HAL_IncTick
                0x0800b5a0       0x24 stm32g4xx_hal.c.o
                0x0800b5a0                HAL_IncTick
 .text.HAL_GetTick
                0x0800b5c4       0x18 stm32g4xx_hal.c.o
                0x0800b5c4                HAL_GetTick
 .text.HAL_RCC_GetHCLKFreq
                0x0800b5dc       0x18 stm32g4xx_hal_rcc.c.o
                0x0800b5dc                HAL_RCC_GetHCLKFreq
 .text.HAL_RCC_GetPCLK1Freq
                0x0800b5f4       0x2c stm32g4xx_hal_rcc.c.o
                0x0800b5f4                HAL_RCC_GetPCLK1Freq
 .text.HAL_RCC_GetClockConfig
                0x0800b620       0x64 stm32g4xx_hal_rcc.c.o
                0x0800b620                HAL_RCC_GetClockConfig
 .text.HAL_PWREx_DisableUCPDDeadBattery
                0x0800b684       0x20 stm32g4xx_hal_pwr_ex.c.o
                0x0800b684                HAL_PWREx_DisableUCPDDeadBattery
 .text.__NVIC_SetPriorityGrouping
                0x0800b6a4       0x48 stm32g4xx_hal_cortex.c.o
 .text.__NVIC_GetPriorityGrouping
                0x0800b6ec       0x1c stm32g4xx_hal_cortex.c.o
 .text.__NVIC_EnableIRQ
                0x0800b708       0x3c stm32g4xx_hal_cortex.c.o
 .text.__NVIC_SetPriority
                0x0800b744       0x54 stm32g4xx_hal_cortex.c.o
 .text.NVIC_EncodePriority
                0x0800b798       0x66 stm32g4xx_hal_cortex.c.o
 .text.HAL_NVIC_SetPriorityGrouping
                0x0800b7fe       0x16 stm32g4xx_hal_cortex.c.o
                0x0800b7fe                HAL_NVIC_SetPriorityGrouping
 .text.HAL_NVIC_SetPriority
                0x0800b814       0x34 stm32g4xx_hal_cortex.c.o
                0x0800b814                HAL_NVIC_SetPriority
 .text.HAL_NVIC_EnableIRQ
                0x0800b848       0x1c stm32g4xx_hal_cortex.c.o
                0x0800b848                HAL_NVIC_EnableIRQ
 .text.LL_TIM_SetPrescaler
                0x0800b864       0x1c stm32g4xx_ll_tim.c.o
 .text.LL_TIM_SetAutoReload
                0x0800b880       0x1c stm32g4xx_ll_tim.c.o
 .text.LL_TIM_SetRepetitionCounter
                0x0800b89c       0x1c stm32g4xx_ll_tim.c.o
 .text.LL_TIM_GenerateEvent_UPDATE
                0x0800b8b8       0x20 stm32g4xx_ll_tim.c.o
 .text.LL_TIM_Init
                0x0800b8d8      0x144 stm32g4xx_ll_tim.c.o
                0x0800b8d8                LL_TIM_Init
 .text.SystemInit
                0x0800ba1c       0x24 system_stm32g4xx.c.o
                0x0800ba1c                SystemInit
 .text.Reset_Handler
                0x0800ba40       0x50 startup_stm32g474retx.s.o
                0x0800ba40                Reset_Handler
 .text.Default_Handler
                0x0800ba90        0x2 startup_stm32g474retx.s.o
                0x0800ba90                RTC_Alarm_IRQHandler
                0x0800ba90                EXTI2_IRQHandler
                0x0800ba90                TIM8_TRG_COM_IRQHandler
                0x0800ba90                TIM8_CC_IRQHandler
                0x0800ba90                HRTIM1_Master_IRQHandler
                0x0800ba90                SPI4_IRQHandler
                0x0800ba90                FDCAN3_IT0_IRQHandler
                0x0800ba90                TIM1_CC_IRQHandler
                0x0800ba90                HRTIM1_FLT_IRQHandler
                0x0800ba90                HRTIM1_TIMF_IRQHandler
                0x0800ba90                USB_HP_IRQHandler
                0x0800ba90                CORDIC_IRQHandler
                0x0800ba90                HRTIM1_TIMD_IRQHandler
                0x0800ba90                DMA2_Channel8_IRQHandler
                0x0800ba90                EXTI3_IRQHandler
                0x0800ba90                I2C3_ER_IRQHandler
                0x0800ba90                EXTI0_IRQHandler
                0x0800ba90                I2C2_EV_IRQHandler
                0x0800ba90                FPU_IRQHandler
                0x0800ba90                FDCAN1_IT1_IRQHandler
                0x0800ba90                TIM1_UP_TIM16_IRQHandler
                0x0800ba90                ADC1_2_IRQHandler
                0x0800ba90                HRTIM1_TIME_IRQHandler
                0x0800ba90                SPI1_IRQHandler
                0x0800ba90                TIM6_DAC_IRQHandler
                0x0800ba90                HRTIM1_TIMC_IRQHandler
                0x0800ba90                TIM8_UP_IRQHandler
                0x0800ba90                DMA2_Channel2_IRQHandler
                0x0800ba90                DMA1_Channel4_IRQHandler
                0x0800ba90                TIM20_TRG_COM_IRQHandler
                0x0800ba90                USART3_IRQHandler
                0x0800ba90                DMA1_Channel7_IRQHandler
                0x0800ba90                UART5_IRQHandler
                0x0800ba90                ADC3_IRQHandler
                0x0800ba90                TIM4_IRQHandler
                0x0800ba90                DMA2_Channel1_IRQHandler
                0x0800ba90                QUADSPI_IRQHandler
                0x0800ba90                I2C1_EV_IRQHandler
                0x0800ba90                DMA1_Channel6_IRQHandler
                0x0800ba90                UART4_IRQHandler
                0x0800ba90                DMA2_Channel4_IRQHandler
                0x0800ba90                TIM3_IRQHandler
                0x0800ba90                RCC_IRQHandler
                0x0800ba90                TIM20_UP_IRQHandler
                0x0800ba90                Default_Handler
                0x0800ba90                DMA2_Channel7_IRQHandler
                0x0800ba90                RTC_TAMP_LSECSS_IRQHandler
                0x0800ba90                FMAC_IRQHandler
                0x0800ba90                EXTI15_10_IRQHandler
                0x0800ba90                DMA1_Channel8_IRQHandler
                0x0800ba90                HRTIM1_TIMA_IRQHandler
                0x0800ba90                TIM7_DAC_IRQHandler
                0x0800ba90                FDCAN3_IT1_IRQHandler
                0x0800ba90                TIM5_IRQHandler
                0x0800ba90                UCPD1_IRQHandler
                0x0800ba90                I2C3_EV_IRQHandler
                0x0800ba90                EXTI9_5_IRQHandler
                0x0800ba90                RTC_WKUP_IRQHandler
                0x0800ba90                PVD_PVM_IRQHandler
                0x0800ba90                SPI2_IRQHandler
                0x0800ba90                ADC5_IRQHandler
                0x0800ba90                DMA2_Channel5_IRQHandler
                0x0800ba90                CRS_IRQHandler
                0x0800ba90                DMA1_Channel5_IRQHandler
                0x0800ba90                USB_LP_IRQHandler
                0x0800ba90                EXTI4_IRQHandler
                0x0800ba90                RNG_IRQHandler
                0x0800ba90                HRTIM1_TIMB_IRQHandler
                0x0800ba90                TIM1_TRG_COM_TIM17_IRQHandler
                0x0800ba90                FDCAN2_IT1_IRQHandler
                0x0800ba90                DMA1_Channel3_IRQHandler
                0x0800ba90                ADC4_IRQHandler
                0x0800ba90                WWDG_IRQHandler
                0x0800ba90                I2C4_EV_IRQHandler
                0x0800ba90                FDCAN2_IT0_IRQHandler
                0x0800ba90                DMA2_Channel6_IRQHandler
                0x0800ba90                FDCAN1_IT0_IRQHandler
                0x0800ba90                COMP7_IRQHandler
                0x0800ba90                COMP1_2_3_IRQHandler
                0x0800ba90                EXTI1_IRQHandler
                0x0800ba90                USART2_IRQHandler
                0x0800ba90                COMP4_5_6_IRQHandler
                0x0800ba90                TIM20_BRK_IRQHandler
                0x0800ba90                I2C2_ER_IRQHandler
                0x0800ba90                DMA1_Channel2_IRQHandler
                0x0800ba90                TIM8_BRK_IRQHandler
                0x0800ba90                FLASH_IRQHandler
                0x0800ba90                TIM20_CC_IRQHandler
                0x0800ba90                USART1_IRQHandler
                0x0800ba90                SPI3_IRQHandler
                0x0800ba90                I2C1_ER_IRQHandler
                0x0800ba90                FMC_IRQHandler
                0x0800ba90                LPTIM1_IRQHandler
                0x0800ba90                DMAMUX_OVR_IRQHandler
                0x0800ba90                I2C4_ER_IRQHandler
                0x0800ba90                USBWakeUp_IRQHandler
                0x0800ba90                SAI1_IRQHandler
                0x0800ba90                DMA2_Channel3_IRQHandler
                0x0800ba90                TIM1_BRK_TIM15_IRQHandler
 .text.LL_TIM_GetCounterMode
                0x0800ba92       0x30 stm_timer_ll.c.o
 .text.LL_TIM_GetCounter
                0x0800bac2       0x18 stm_timer_ll.c.o
 .text.LL_TIM_GetRepetitionCounter
                0x0800bada       0x18 stm_timer_ll.c.o
 .text.LL_TIM_CC_EnableChannel
                0x0800baf2       0x22 stm_timer_ll.c.o
 .text.LL_TIM_CC_DisableChannel
                0x0800bb14       0x24 stm_timer_ll.c.o
 .text.LL_TIM_EnableAllOutputs
                0x0800bb38       0x20 stm_timer_ll.c.o
 .text.LL_TIM_IsActiveFlag_IDX
                0x0800bb58       0x28 stm_timer_ll.c.o
 .text.LL_TIM_EnableIT_UPDATE
                0x0800bb80       0x20 stm_timer_ll.c.o
 .text.LL_TIM_DisableIT_UPDATE
                0x0800bba0       0x20 stm_timer_ll.c.o
 .text.LL_TIM_IsEnabledIT_UPDATE
                0x0800bbc0       0x26 stm_timer_ll.c.o
 .text.LL_TIM_EnableIT_CC1
                0x0800bbe6       0x20 stm_timer_ll.c.o
 .text.LL_TIM_DisableIT_CC1
                0x0800bc06       0x20 stm_timer_ll.c.o
 .text.LL_TIM_IsEnabledIT_CC1
                0x0800bc26       0x26 stm_timer_ll.c.o
 .text.LL_TIM_EnableIT_CC2
                0x0800bc4c       0x20 stm_timer_ll.c.o
 .text.LL_TIM_DisableIT_CC2
                0x0800bc6c       0x20 stm_timer_ll.c.o
 .text.LL_TIM_IsEnabledIT_CC2
                0x0800bc8c       0x26 stm_timer_ll.c.o
 .text.LL_TIM_EnableIT_CC3
                0x0800bcb2       0x20 stm_timer_ll.c.o
 .text.LL_TIM_DisableIT_CC3
                0x0800bcd2       0x20 stm_timer_ll.c.o
 .text.LL_TIM_IsEnabledIT_CC3
                0x0800bcf2       0x26 stm_timer_ll.c.o
 .text.LL_TIM_EnableIT_CC4
                0x0800bd18       0x20 stm_timer_ll.c.o
 .text.LL_TIM_DisableIT_CC4
                0x0800bd38       0x20 stm_timer_ll.c.o
 .text.LL_TIM_IsEnabledIT_CC4
                0x0800bd58       0x26 stm_timer_ll.c.o
 .text.LL_TIM_EnableIT_COM
                0x0800bd7e       0x20 stm_timer_ll.c.o
 .text.LL_TIM_DisableIT_COM
                0x0800bd9e       0x20 stm_timer_ll.c.o
 .text.LL_TIM_IsEnabledIT_COM
                0x0800bdbe       0x26 stm_timer_ll.c.o
 .text.LL_TIM_EnableIT_TRIG
                0x0800bde4       0x20 stm_timer_ll.c.o
 .text.LL_TIM_DisableIT_TRIG
                0x0800be04       0x20 stm_timer_ll.c.o
 .text.LL_TIM_IsEnabledIT_TRIG
                0x0800be24       0x26 stm_timer_ll.c.o
 .text.LL_TIM_EnableIT_BRK
                0x0800be4a       0x20 stm_timer_ll.c.o
 .text.LL_TIM_DisableIT_BRK
                0x0800be6a       0x20 stm_timer_ll.c.o
 .text.LL_TIM_IsEnabledIT_BRK
                0x0800be8a       0x26 stm_timer_ll.c.o
 .text.LL_TIM_EnableIT_TERR
                0x0800beb0       0x20 stm_timer_ll.c.o
 .text.LL_TIM_DisableIT_TERR
                0x0800bed0       0x20 stm_timer_ll.c.o
 .text.LL_TIM_IsEnabledIT_TERR
                0x0800bef0       0x28 stm_timer_ll.c.o
 .text.LL_TIM_EnableIT_IERR
                0x0800bf18       0x20 stm_timer_ll.c.o
 .text.LL_TIM_DisableIT_IERR
                0x0800bf38       0x20 stm_timer_ll.c.o
 .text.LL_TIM_IsEnabledIT_IERR
                0x0800bf58       0x28 stm_timer_ll.c.o
 .text.LL_TIM_EnableIT_DIR
                0x0800bf80       0x20 stm_timer_ll.c.o
 .text.LL_TIM_DisableIT_DIR
                0x0800bfa0       0x20 stm_timer_ll.c.o
 .text.LL_TIM_IsEnabledIT_DIR
                0x0800bfc0       0x28 stm_timer_ll.c.o
 .text.LL_TIM_EnableIT_IDX
                0x0800bfe8       0x20 stm_timer_ll.c.o
 .text.LL_TIM_DisableIT_IDX
                0x0800c008       0x20 stm_timer_ll.c.o
 .text.LL_TIM_IsEnabledIT_IDX
                0x0800c028       0x28 stm_timer_ll.c.o
 .text.TIM_IsActiveFlagIDX
                0x0800c050       0x34 stm_timer_ll.c.o
                0x0800c050                TIM_IsActiveFlagIDX
 .text.enableTimerInterrupts
                0x0800c084      0x1c4 stm_timer_ll.c.o
                0x0800c084                enableTimerInterrupts
 .text.disableTimerInterrupts
                0x0800c248      0x1c4 stm_timer_ll.c.o
                0x0800c248                disableTimerInterrupts
 .text.enableTimerChannel1
                0x0800c40c       0xb0 stm_timer_ll.c.o
                0x0800c40c                enableTimerChannel1
 .text.disableTimerChannel1
                0x0800c4bc       0xb0 stm_timer_ll.c.o
                0x0800c4bc                disableTimerChannel1
 .text.enableTimerChannel2
                0x0800c56c       0xb0 stm_timer_ll.c.o
                0x0800c56c                enableTimerChannel2
 .text.disableTimerChannel2
                0x0800c61c       0xb0 stm_timer_ll.c.o
                0x0800c61c                disableTimerChannel2
 .text.Timer_Handle_Init
                0x0800c6cc      0x114 stm_timer_ll.c.o
                0x0800c6cc                Timer_Handle_Init
 .text.getTimerCounterValueForG4
                0x0800c7e0       0x64 stm_timer_ll.c.o
                0x0800c7e0                getTimerCounterValueForG4
 .text.fmod     0x0800c844       0x6c C:/ProgramData/MATLAB/SupportPackages/R2025a/3P.instrset/gnuarm-armcortex.instrset/win/bin/../lib/gcc/arm-none-eabi/13.2.1/thumb/v7e-m+fp/hard\libm.a(libm_a-w_fmod.o)
                0x0800c844                fmod
 .text.__ieee754_fmod
                0x0800c8b0      0x30c C:/ProgramData/MATLAB/SupportPackages/R2025a/3P.instrset/gnuarm-armcortex.instrset/win/bin/../lib/gcc/arm-none-eabi/13.2.1/thumb/v7e-m+fp/hard\libm.a(libm_a-e_fmod.o)
                0x0800c8b0                __ieee754_fmod
 .text.__udivmoddi4
                0x0800cbbc      0x2bc C:/ProgramData/MATLAB/SupportPackages/R2025a/3P.instrset/gnuarm-armcortex.instrset/win/bin/../lib/gcc/arm-none-eabi/13.2.1/thumb/v7e-m+fp/hard\libgcc.a(_udivmoddi4.o)
                0x0800cbbc                __udivmoddi4
 .text.memset   0x0800ce78       0x10 C:/ProgramData/MATLAB/SupportPackages/R2025a/3P.instrset/gnuarm-armcortex.instrset/win/bin/../lib/gcc/arm-none-eabi/13.2.1/thumb/v7e-m+fp/hard\libg_nano.a(libc_a-memset.o)
                0x0800ce78                memset
 .text.__errno  0x0800ce88        0xc C:/ProgramData/MATLAB/SupportPackages/R2025a/3P.instrset/gnuarm-armcortex.instrset/win/bin/../lib/gcc/arm-none-eabi/13.2.1/thumb/v7e-m+fp/hard\libg_nano.a(libc_a-errno.o)
                0x0800ce88                __errno
 .text.__libc_init_array
                0x0800ce94       0x48 C:/ProgramData/MATLAB/SupportPackages/R2025a/3P.instrset/gnuarm-armcortex.instrset/win/bin/../lib/gcc/arm-none-eabi/13.2.1/thumb/v7e-m+fp/hard\libg_nano.a(libc_a-init.o)
                0x0800ce94                __libc_init_array
 .text.memcpy   0x0800cedc       0x1c C:/ProgramData/MATLAB/SupportPackages/R2025a/3P.instrset/gnuarm-armcortex.instrset/win/bin/../lib/gcc/arm-none-eabi/13.2.1/thumb/v7e-m+fp/hard\libg_nano.a(libc_a-memcpy-stub.o)
                0x0800cedc                memcpy
 *(.glue_7)
 .glue_7        0x0800cef8        0x0 linker stubs
 *(.glue_7t)
 .glue_7t       0x0800cef8        0x0 linker stubs
 *(.eh_frame)
 .eh_frame      0x0800cef8        0x0 C:/ProgramData/MATLAB/SupportPackages/R2025a/3P.instrset/gnuarm-armcortex.instrset/win/bin/../lib/gcc/arm-none-eabi/13.2.1/thumb/v7e-m+fp/hard/crtbegin.o
 *(.init)
 .init          0x0800cef8        0x4 C:/ProgramData/MATLAB/SupportPackages/R2025a/3P.instrset/gnuarm-armcortex.instrset/win/bin/../lib/gcc/arm-none-eabi/13.2.1/thumb/v7e-m+fp/hard/crti.o
                0x0800cef8                _init
 .init          0x0800cefc        0x8 C:/ProgramData/MATLAB/SupportPackages/R2025a/3P.instrset/gnuarm-armcortex.instrset/win/bin/../lib/gcc/arm-none-eabi/13.2.1/thumb/v7e-m+fp/hard/crtn.o
 *(.fini)
 .fini          0x0800cf04        0x4 C:/ProgramData/MATLAB/SupportPackages/R2025a/3P.instrset/gnuarm-armcortex.instrset/win/bin/../lib/gcc/arm-none-eabi/13.2.1/thumb/v7e-m+fp/hard/crti.o
                0x0800cf04                _fini
 .fini          0x0800cf08        0x8 C:/ProgramData/MATLAB/SupportPackages/R2025a/3P.instrset/gnuarm-armcortex.instrset/win/bin/../lib/gcc/arm-none-eabi/13.2.1/thumb/v7e-m+fp/hard/crtn.o
                0x0800cf10                        . = ALIGN (0x4)
                0x0800cf10                        _etext = .

.vfp11_veneer   0x0800cf10        0x0
 .vfp11_veneer  0x0800cf10        0x0 linker stubs

.v4_bx          0x0800cf10        0x0
 .v4_bx         0x0800cf10        0x0 linker stubs

.iplt           0x0800cf10        0x0
 .iplt          0x0800cf10        0x0 C:/ProgramData/MATLAB/SupportPackages/R2025a/3P.instrset/gnuarm-armcortex.instrset/win/bin/../lib/gcc/arm-none-eabi/13.2.1/thumb/v7e-m+fp/hard/crtbegin.o

.rodata         0x0800cf10     0x2a28
                0x0800cf10                        . = ALIGN (0x4)
 *(.rodata)
 .rodata        0x0800cf10      0x2b9 xcp_ext_mode.c.o
 *fill*         0x0800d1c9        0x3 
 .rodata        0x0800d1cc       0x12 Encoder_reader_simulink.c.o
 *fill*         0x0800d1de        0x2 
 .rodata        0x0800d1e0      0x12e xcp_ext_common.c.o
 *fill*         0x0800d30e        0x2 
 .rodata        0x0800d310       0x4c xcp_ext_classic_trigger.c.o
 .rodata        0x0800d35c      0x278 xcp.c.o
 .rodata        0x0800d5d4      0x3a9 xcp_standard.c.o
 *fill*         0x0800d97d        0x3 
 .rodata        0x0800d980     0x1010 xcp_daq.c.o
 .rodata        0x0800e990       0xdd xcp_calibration.c.o
 *fill*         0x0800ea6d        0x3 
 .rodata        0x0800ea70      0x56e xcp_transport.c.o
 *fill*         0x0800efde        0x2 
 .rodata        0x0800efe0       0xf5 xcp_mem_default.c.o
 *fill*         0x0800f0d5        0x3 
 .rodata        0x0800f0d8      0x228 xcp_drv_rtiostream.c.o
 .rodata        0x0800f300      0x4aa xcp_frame_serial.c.o
 *(.rodata*)
 *fill*         0x0800f7aa        0x2 
 .rodata.Encoder_reader_simulink_M
                0x0800f7ac        0x4 Encoder_reader_simulink.c.o
                0x0800f7ac                Encoder_reader_simulink_M
 .rodata.rtAlwaysEnabled.0
                0x0800f7b0        0x1 Encoder_reader_simulink.c.o
 *fill*         0x0800f7b1        0x3 
 .rodata.standardSupportedRxPacket
                0x0800f7b4       0x54 xcp_standard.c.o
 .rodata.daqSupportedRxPacket
                0x0800f808       0x9c xcp_daq.c.o
 .rodata.calibrationSupportedRxPacket
                0x0800f8a4       0x18 xcp_calibration.c.o
 .rodata.CHANNEL_OFFSET_TAB
                0x0800f8bc        0x8 stm_usart.c.o
 .rodata.CHANNEL_OFFSET_TAB
                0x0800f8c4        0x8 stm_lpuart.c.o
 .rodata.CHANNEL_OFFSET_TAB
                0x0800f8cc        0x8 main.c.o
 .rodata.OFFSET_TAB_CCMRx
                0x0800f8d4        0xa main.c.o
 *fill*         0x0800f8de        0x2 
 .rodata.SHIFT_TAB_ICxx
                0x0800f8e0        0xa main.c.o
 *fill*         0x0800f8ea        0x2 
 .rodata.SHIFT_TAB_CCxP
                0x0800f8ec        0xa main.c.o
 *fill*         0x0800f8f6        0x2 
 .rodata.LPUART_PRESCALER_TAB
                0x0800f8f8       0x18 stm32g4xx_ll_lpuart.c.o
 .rodata.AHBPrescTable
                0x0800f910       0x10 system_stm32g4xx.c.o
                0x0800f910                AHBPrescTable
 .rodata.APBPrescTable
                0x0800f920        0x8 system_stm32g4xx.c.o
                0x0800f920                APBPrescTable
 .rodata.Zero   0x0800f928       0x10 C:/ProgramData/MATLAB/SupportPackages/R2025a/3P.instrset/gnuarm-armcortex.instrset/win/bin/../lib/gcc/arm-none-eabi/13.2.1/thumb/v7e-m+fp/hard\libm.a(libm_a-e_fmod.o)
                0x0800f938                        . = ALIGN (0x4)

.ARM.extab      0x0800f938        0x0
                0x0800f938                        . = ALIGN (0x4)
 *(.ARM.extab* .gnu.linkonce.armextab.*)
                0x0800f938                        . = ALIGN (0x4)

.ARM            0x0800f938        0x8
                0x0800f938                        . = ALIGN (0x4)
                0x0800f938                        __exidx_start = .
 *(.ARM.exidx*)
 .ARM.exidx.text.__udivmoddi4
                0x0800f938        0x8 C:/ProgramData/MATLAB/SupportPackages/R2025a/3P.instrset/gnuarm-armcortex.instrset/win/bin/../lib/gcc/arm-none-eabi/13.2.1/thumb/v7e-m+fp/hard\libgcc.a(_udivmoddi4.o)
                0x0800f940                        __exidx_end = .
                0x0800f940                        . = ALIGN (0x4)

.preinit_array  0x0800f940        0x0
                0x0800f940                        . = ALIGN (0x4)
                0x0800f940                        PROVIDE (__preinit_array_start = .)
 *(.preinit_array*)
                0x0800f940                        PROVIDE (__preinit_array_end = .)
                0x0800f940                        . = ALIGN (0x4)

.init_array     0x0800f940        0x4
                0x0800f940                        . = ALIGN (0x4)
                0x0800f940                        PROVIDE (__init_array_start = .)
 *(SORT_BY_NAME(.init_array.*))
 *(.init_array*)
 .init_array    0x0800f940        0x4 C:/ProgramData/MATLAB/SupportPackages/R2025a/3P.instrset/gnuarm-armcortex.instrset/win/bin/../lib/gcc/arm-none-eabi/13.2.1/thumb/v7e-m+fp/hard/crtbegin.o
                0x0800f944                        PROVIDE (__init_array_end = .)
                0x0800f944                        . = ALIGN (0x4)

.fini_array     0x0800f944        0x4
                0x0800f944                        . = ALIGN (0x4)
                [!provide]                        PROVIDE (__fini_array_start = .)
 *(SORT_BY_NAME(.fini_array.*))
 *(.fini_array*)
 .fini_array    0x0800f944        0x4 C:/ProgramData/MATLAB/SupportPackages/R2025a/3P.instrset/gnuarm-armcortex.instrset/win/bin/../lib/gcc/arm-none-eabi/13.2.1/thumb/v7e-m+fp/hard/crtbegin.o
                [!provide]                        PROVIDE (__fini_array_end = .)
                0x0800f948                        . = ALIGN (0x4)
                0x0800f948                        _sidata = LOADADDR (.data)

.rel.dyn        0x0800f948        0x0
 .rel.iplt      0x0800f948        0x0 C:/ProgramData/MATLAB/SupportPackages/R2025a/3P.instrset/gnuarm-armcortex.instrset/win/bin/../lib/gcc/arm-none-eabi/13.2.1/thumb/v7e-m+fp/hard/crtbegin.o

.data           0x20000000       0xec load address 0x0800f948
                0x20000000                        . = ALIGN (0x4)
                0x20000000                        _sdata = .
 *(.data)
 *(.data*)
 .data.rtInf    0x20000000        0x8 rt_nonfinite.c.o
                0x20000000                rtInf
 .data.xcpExtmodeFinalSimulationTime
                0x20000008        0x8 xcp_ext_common.c.o
                0x20000008                xcpExtmodeFinalSimulationTime
 .data.xcpClassicTriggerDuration
                0x20000010        0x4 xcp_ext_classic_trigger.c.o
                0x20000010                xcpClassicTriggerDuration
 .data.xcpClassicTriggerArmRequest
                0x20000014        0x1 xcp_ext_classic_trigger.c.o
                0x20000014                xcpClassicTriggerArmRequest
 *fill*         0x20000015        0x3 
 .data.startStopDaqListId
                0x20000018        0x4 xcp_daq.c.o
 .data.xcpCurrentDaq
                0x2000001c        0x4 xcp_daq.c.o
 .data.xcpEventCustomMemoryManager
                0x20000020        0xc xcp_daq.c.o
 .data.xcpCtoReservedMemPoolId
                0x2000002c        0x4 xcp_transport.c.o
 .data.xcpMemMainBlockSizes
                0x20000030        0xc xcp_mem_default.c.o
 .data.xcpMemMainBlocksNumber
                0x2000003c        0xc xcp_mem_default.c.o
 .data.drvID    0x20000048        0x4 xcp_drv_rtiostream.c.o
 .data.xcpCtoReservedMemPoolId
                0x2000004c        0x4 xcp_frame_serial.c.o
 .data.uartObj  0x20000050       0x40 rtiostream_serial.c.o
                0x20000050                uartObj
 .data.uwTickPrio
                0x20000090        0x4 stm32g4xx_hal.c.o
                0x20000090                uwTickPrio
 .data.uwTickFreq
                0x20000094        0x4 stm32g4xx_hal.c.o
                0x20000094                uwTickFreq
 .data.SystemCoreClock
                0x20000098        0x4 system_stm32g4xx.c.o
                0x20000098                SystemCoreClock
 .data._impure_ptr
                0x2000009c        0x4 C:/ProgramData/MATLAB/SupportPackages/R2025a/3P.instrset/gnuarm-armcortex.instrset/win/bin/../lib/gcc/arm-none-eabi/13.2.1/thumb/v7e-m+fp/hard\libg_nano.a(libc_a-impure.o)
                0x2000009c                _impure_ptr
 .data._impure_data
                0x200000a0       0x4c C:/ProgramData/MATLAB/SupportPackages/R2025a/3P.instrset/gnuarm-armcortex.instrset/win/bin/../lib/gcc/arm-none-eabi/13.2.1/thumb/v7e-m+fp/hard\libg_nano.a(libc_a-impure.o)
                0x200000a0                _impure_data
 *(.RamFunc)
 *(.RamFunc*)
                0x200000ec                        . = ALIGN (0x4)
                0x200000ec                        _edata = .

.tm_clone_table
                0x200000ec        0x0 load address 0x0800fa34
 .tm_clone_table
                0x200000ec        0x0 C:/ProgramData/MATLAB/SupportPackages/R2025a/3P.instrset/gnuarm-armcortex.instrset/win/bin/../lib/gcc/arm-none-eabi/13.2.1/thumb/v7e-m+fp/hard/crtbegin.o
 .tm_clone_table
                0x200000ec        0x0 C:/ProgramData/MATLAB/SupportPackages/R2025a/3P.instrset/gnuarm-armcortex.instrset/win/bin/../lib/gcc/arm-none-eabi/13.2.1/thumb/v7e-m+fp/hard/crtend.o

.igot.plt       0x200000ec        0x0 load address 0x0800fa34
 .igot.plt      0x200000ec        0x0 C:/ProgramData/MATLAB/SupportPackages/R2025a/3P.instrset/gnuarm-armcortex.instrset/win/bin/../lib/gcc/arm-none-eabi/13.2.1/thumb/v7e-m+fp/hard/crtbegin.o
                0x200000ec                        . = ALIGN (0x4)

.bss            0x200000f0     0x1b20 load address 0x0800fa34
                0x200000f0                        _sbss = .
                0x200000f0                        __bss_start__ = _sbss
 *(.bss)
 *(.bss*)
 .bss.completed.1
                0x200000f0        0x1 C:/ProgramData/MATLAB/SupportPackages/R2025a/3P.instrset/gnuarm-armcortex.instrset/win/bin/../lib/gcc/arm-none-eabi/13.2.1/thumb/v7e-m+fp/hard/crtbegin.o
 *fill*         0x200000f1        0x3 
 .bss.object.0  0x200000f4       0x18 C:/ProgramData/MATLAB/SupportPackages/R2025a/3P.instrset/gnuarm-armcortex.instrset/win/bin/../lib/gcc/arm-none-eabi/13.2.1/thumb/v7e-m+fp/hard/crtbegin.o
 .bss.xcpCustomTriggerFunction
                0x2000010c        0x8 xcp_ext_mode.c.o
 *fill*         0x20000114        0x4 
 .bss.Encoder_reader_simulink_B
                0x20000118       0x48 Encoder_reader_simulink.c.o
                0x20000118                Encoder_reader_simulink_B
 .bss.Encoder_reader_simulink_DW
                0x20000160       0x78 Encoder_reader_simulink.c.o
                0x20000160                Encoder_reader_simulink_DW
 .bss.Encoder_reader_simulink_M_
                0x200001d8      0x160 Encoder_reader_simulink.c.o
 .bss.rt_ExtModeInfo.2
                0x20000338       0x14 Encoder_reader_simulink.c.o
 .bss.systemRan.1
                0x2000034c       0x1c Encoder_reader_simulink.c.o
 .bss.IsrOverrun
                0x20000368        0x4 ert_main.c.o
                0x20000368                IsrOverrun
 .bss.OverrunFlag
                0x2000036c        0x1 ert_main.c.o
 .bss.stopRequested
                0x2000036d        0x1 ert_main.c.o
                0x2000036d                stopRequested
 .bss.runModel  0x2000036e        0x1 ert_main.c.o
                0x2000036e                runModel
 .bss.xcpModelStartRequest
                0x2000036f        0x1 xcp_ext_common.c.o
                0x2000036f                xcpModelStartRequest
 .bss.xcpModelStopRequest
                0x20000370        0x1 xcp_ext_common.c.o
                0x20000370                xcpModelStopRequest
 .bss.xcpModelStatus
                0x20000371        0x1 xcp_ext_common.c.o
                0x20000371                xcpModelStatus
 *fill*         0x20000372        0x2 
 .bss.xcpModelChecksum0
                0x20000374        0x4 xcp_ext_common.c.o
                0x20000374                xcpModelChecksum0
 .bss.xcpModelChecksum1
                0x20000378        0x4 xcp_ext_common.c.o
                0x20000378                xcpModelChecksum1
 .bss.xcpModelChecksum2
                0x2000037c        0x4 xcp_ext_common.c.o
                0x2000037c                xcpModelChecksum2
 .bss.xcpModelChecksum3
                0x20000380        0x4 xcp_ext_common.c.o
                0x20000380                xcpModelChecksum3
 .bss.xcpModelIntegerCode
                0x20000384        0x4 xcp_ext_common.c.o
                0x20000384                xcpModelIntegerCode
 .bss.xcpExtmodeSimulationComplete
                0x20000388        0x1 xcp_ext_common.c.o
                0x20000388                xcpExtmodeSimulationComplete
 *fill*         0x20000389        0x7 
 .bss.xcpDummyDoubleVariable
                0x20000390        0x8 xcp_ext_common.c.o
                0x20000390                xcpDummyDoubleVariable
 .bss.xcpDummyUint64Variable
                0x20000398        0x8 xcp_ext_common.c.o
                0x20000398                xcpDummyUint64Variable
 .bss.xcpCurrentSimulationTimeInMs
                0x200003a0        0x8 xcp_ext_common.c.o
                0x200003a0                xcpCurrentSimulationTimeInMs
 .bss.xcpBaseRateSimulationTime
                0x200003a8        0x8 xcp_ext_common.c.o
 .bss.xcpClassicTriggerEventId
                0x200003b0        0x2 xcp_ext_classic_trigger.c.o
                0x200003b0                xcpClassicTriggerEventId
 *fill*         0x200003b2        0x2 
 .bss.xcpClassicTriggerSignalAddress
                0x200003b4        0x4 xcp_ext_classic_trigger.c.o
                0x200003b4                xcpClassicTriggerSignalAddress
 .bss.xcpClassicTriggerSignalAddressExtension
                0x200003b8        0x1 xcp_ext_classic_trigger.c.o
                0x200003b8                xcpClassicTriggerSignalAddressExtension
 *fill*         0x200003b9        0x7 
 .bss.xcpClassicTriggerLevel
                0x200003c0        0x8 xcp_ext_classic_trigger.c.o
                0x200003c0                xcpClassicTriggerLevel
 .bss.xcpClassicTriggerHoldOff
                0x200003c8        0x4 xcp_ext_classic_trigger.c.o
                0x200003c8                xcpClassicTriggerHoldOff
 .bss.xcpClassicTriggerDelay
                0x200003cc        0x4 xcp_ext_classic_trigger.c.o
                0x200003cc                xcpClassicTriggerDelay
 .bss.xcpClassicTriggerDirection
                0x200003d0        0x1 xcp_ext_classic_trigger.c.o
                0x200003d0                xcpClassicTriggerDirection
 .bss.xcpClassicTriggerCancelRequest
                0x200003d1        0x1 xcp_ext_classic_trigger.c.o
                0x200003d1                xcpClassicTriggerCancelRequest
 .bss.xcpClassicTriggerSource
                0x200003d2        0x1 xcp_ext_classic_trigger.c.o
                0x200003d2                xcpClassicTriggerSource
 .bss.xcpClassicTriggerMode
                0x200003d3        0x1 xcp_ext_classic_trigger.c.o
                0x200003d3                xcpClassicTriggerMode
 .bss.xcpClassicTriggerStatus
                0x200003d4        0x1 xcp_ext_classic_trigger.c.o
                0x200003d4                xcpClassicTriggerStatus
 *fill*         0x200003d5        0x3 
 .bss.xcpOldSignalValue
                0x200003d8        0x8 xcp_ext_classic_trigger.c.o
 .bss.xcpOldSignalValueAvailable
                0x200003e0        0x1 xcp_ext_classic_trigger.c.o
 .bss.xcpOldClassicTriggerSource
                0x200003e1        0x1 xcp_ext_classic_trigger.c.o
 .bss.xcpTriggerEnabled
                0x200003e2        0x1 xcp_ext_classic_trigger.c.o
 .bss.xcpSignalTriggerFired
                0x200003e3        0x1 xcp_ext_classic_trigger.c.o
 .bss.xcpTriggerCount
                0x200003e4        0x4 xcp_ext_classic_trigger.c.o
 .bss.xcpForcedTriggerEnabled
                0x200003e8        0x1 xcp_ext_classic_trigger.c.o
 .bss.xcpForceTriggerEnableRequest
                0x200003e9        0x1 xcp_ext_classic_trigger.c.o
 .bss.initialized
                0x200003ea        0x1 xcp.c.o
 .bss.xcpStatus
                0x200003eb        0x1 xcp.c.o
 .bss.xcpSessionStatus
                0x200003ec        0x1 xcp.c.o
 .bss.xcpResourceProtectionStatus
                0x200003ed        0x1 xcp.c.o
 .bss.xcpSessionConfigurationId
                0x200003ee        0x2 xcp.c.o
 .bss.groupPacketLookup
                0x200003f0       0x10 xcp.c.o
 .bss.xcpMta    0x20000400        0x8 xcp_standard.c.o
 .bss.xcpUploadSize
                0x20000408        0x1 xcp_standard.c.o
 *fill*         0x20000409        0x3 
 .bss.packetLookup
                0x2000040c        0x4 xcp_standard.c.o
 .bss.xcpDynamicDaqLists
                0x20000410        0x8 xcp_daq.c.o
 .bss.xcpRunningEventCounter
                0x20000418        0x4 xcp_daq.c.o
 .bss.daqLock   0x2000041c        0x4 xcp_daq.c.o
 .bss.packetLookup
                0x20000420        0x4 xcp_daq.c.o
 .bss.packetLookup
                0x20000424        0x4 xcp_calibration.c.o
 .bss.txFifo    0x20000428       0x10 xcp_transport.c.o
 .bss.txLock    0x20000438        0x4 xcp_transport.c.o
 .bss.rxFifo    0x2000043c        0x8 xcp_transport.c.o
 .bss.rxLock    0x20000444        0x4 xcp_transport.c.o
 .bss.initialized
                0x20000448        0x1 xcp_transport.c.o
 *fill*         0x20000449        0x3 
 .bss.xcpMemPoolDescriptors
                0x2000044c       0xc0 xcp_mem_default.c.o
 .bss.xcpMemCustomPoolDescriptors
                0x2000050c        0x8 xcp_mem_default.c.o
 .bss.xcpMemMainChunk
                0x20000514      0x4a7 xcp_mem_default.c.o
 *fill*         0x200009bb        0x1 
 .bss.xcpMemReservedPoolsChunk
                0x200009bc      0xbc5 xcp_mem_default.c.o
 *fill*         0x20001581        0x3 
 .bss.xcpMemReservedPoolsChunkUsedBytes
                0x20001584        0x4 xcp_mem_default.c.o
 .bss.xcpMemLock
                0x20001588        0x4 xcp_mem_default.c.o
 .bss.forceBlocking
                0x2000158c        0x1 xcp_drv_rtiostream.c.o
 *fill*         0x2000158d        0x1 
 .bss.txCounter
                0x2000158e        0x2 xcp_frame_serial.c.o
 .bss.rxCounter
                0x20001590        0x2 xcp_frame_serial.c.o
 *fill*         0x20001592        0x2 
 .bss.firstRxCounterReceived
                0x20001594        0x4 xcp_frame_serial.c.o
 .bss.initialized
                0x20001598        0x1 xcp_frame_serial.c.o
 *fill*         0x20001599        0x3 
 .bss.timestampInitialized
                0x2000159c        0x4 platform_timer.c.o
 .bss.timestampStartTime
                0x200015a0        0x4 platform_timer.c.o
 .bss.schdl_counter
                0x200015a4        0x4 SysTickScheduler.c.o
                0x200015a4                schdl_counter
 .bss.schdl_counter_max
                0x200015a8        0x4 SysTickScheduler.c.o
                0x200015a8                schdl_counter_max
 .bss.taskToSchedule
                0x200015ac        0x4 m3m4m4f_multitasking.c.o
                0x200015ac                taskToSchedule
 .bss.mw_ext_h  0x200015b0        0x4 rtiostream_serial.c.o
                0x200015b0                mw_ext_h
 .bss.UARTRxBuffer
                0x200015b4        0x4 rtiostream_serial.c.o
                0x200015b4                UARTRxBuffer
 .bss.mw_lpuart1
                0x200015b8       0x40 stm_lpuart.c.o
                0x200015b8                mw_lpuart1
 .bss.LPUART1ReceiveBuffer
                0x200015f8      0x400 stm_lpuart.c.o
                0x200015f8                LPUART1ReceiveBuffer
 .bss.htim2     0x200019f8       0x4c stm32g4xx_hal_timebase_tim.c.o
                0x200019f8                htim2
 .bss.uwTick    0x20001a44        0x4 stm32g4xx_hal.c.o
                0x20001a44                uwTick
 .bss.mw_tim3   0x20001a48       0x8c stm_timer_ll.c.o
                0x20001a48                mw_tim3
 .bss.firstIndexReceived.0
                0x20001ad4        0x1 stm_timer_ll.c.o
 *fill*         0x20001ad5        0x3 
 .bss.__sf      0x20001ad8      0x138 C:/ProgramData/MATLAB/SupportPackages/R2025a/3P.instrset/gnuarm-armcortex.instrset/win/bin/../lib/gcc/arm-none-eabi/13.2.1/thumb/v7e-m+fp/hard\libg_nano.a(libc_a-findfp.o)
                0x20001ad8                __sf
 *(COMMON)
                0x20001c10                        . = ALIGN (0x4)
                0x20001c10                        _ebss = .
                0x20001c10                        __bss_end__ = _ebss

._user_heap_stack
                0x20001c10      0x600 load address 0x0800fa34
                0x20001c10                        . = ALIGN (0x8)
                [!provide]                        PROVIDE (end = .)
                0x20001c10                        PROVIDE (_end = .)
                0x20001e10                        . = (. + _Min_Heap_Size)
 *fill*         0x20001c10      0x200 
                0x20002210                        . = (. + _Min_Stack_Size)
 *fill*         0x20001e10      0x400 
                0x20002210                        . = ALIGN (0x8)

/DISCARD/
 libc.a(*)
 libm.a(*)
 libgcc.a(*)

.ARM.attributes
                0x00000000       0x30
 *(.ARM.attributes)
 .ARM.attributes
                0x00000000       0x22 C:/ProgramData/MATLAB/SupportPackages/R2025a/3P.instrset/gnuarm-armcortex.instrset/win/bin/../lib/gcc/arm-none-eabi/13.2.1/thumb/v7e-m+fp/hard/crti.o
 .ARM.attributes
                0x00000022       0x34 C:/ProgramData/MATLAB/SupportPackages/R2025a/3P.instrset/gnuarm-armcortex.instrset/win/bin/../lib/gcc/arm-none-eabi/13.2.1/thumb/v7e-m+fp/hard/crtbegin.o
 .ARM.attributes
                0x00000056       0x34 xcp_ext_mode.c.o
 .ARM.attributes
                0x0000008a       0x34 Encoder_reader_simulink.c.o
 .ARM.attributes
                0x000000be       0x34 ert_main.c.o
 .ARM.attributes
                0x000000f2       0x34 rt_nonfinite.c.o
 .ARM.attributes
                0x00000126       0x34 xcp_ext_common.c.o
 .ARM.attributes
                0x0000015a       0x34 xcp_ext_classic_trigger.c.o
 .ARM.attributes
                0x0000018e       0x34 xcp.c.o
 .ARM.attributes
                0x000001c2       0x34 xcp_standard.c.o
 .ARM.attributes
                0x000001f6       0x34 xcp_daq.c.o
 .ARM.attributes
                0x0000022a       0x34 xcp_calibration.c.o
 .ARM.attributes
                0x0000025e       0x34 xcp_fifo.c.o
 .ARM.attributes
                0x00000292       0x34 xcp_transport.c.o
 .ARM.attributes
                0x000002c6       0x34 xcp_mem_default.c.o
 .ARM.attributes
                0x000002fa       0x34 xcp_drv_rtiostream.c.o
 .ARM.attributes
                0x0000032e       0x34 xcp_utils.c.o
 .ARM.attributes
                0x00000362       0x34 xcp_frame_serial.c.o
 .ARM.attributes
                0x00000396       0x34 xcp_ext_param_default_serial.c.o
 .ARM.attributes
                0x000003ca       0x34 overrideHALDelay.c.o
 .ARM.attributes
                0x000003fe       0x34 platform_timer.c.o
 .ARM.attributes
                0x00000432       0x34 SysTickScheduler.c.o
 .ARM.attributes
                0x00000466       0x34 m3m4m4f_multitasking.c.o
 .ARM.attributes
                0x0000049a       0x34 rtiostream_serial.c.o
 .ARM.attributes
                0x000004ce       0x34 stm_usart.c.o
 .ARM.attributes
                0x00000502       0x34 stm_lpuart.c.o
 .ARM.attributes
                0x00000536       0x34 sys_arch_arm.c.o
 .ARM.attributes
                0x0000056a       0x34 main.c.o
 .ARM.attributes
                0x0000059e       0x34 stm32g4xx_it.c.o
 .ARM.attributes
                0x000005d2       0x34 stm32g4xx_hal_msp.c.o
 .ARM.attributes
                0x00000606       0x34 stm32g4xx_hal_timebase_tim.c.o
 .ARM.attributes
                0x0000063a       0x34 stm32g4xx_ll_utils.c.o
 .ARM.attributes
                0x0000066e       0x34 stm32g4xx_hal_tim.c.o
 .ARM.attributes
                0x000006a2       0x34 stm32g4xx_hal_tim_ex.c.o
 .ARM.attributes
                0x000006d6       0x34 stm32g4xx_ll_gpio.c.o
 .ARM.attributes
                0x0000070a       0x34 stm32g4xx_ll_lpuart.c.o
 .ARM.attributes
                0x0000073e       0x34 stm32g4xx_ll_rcc.c.o
 .ARM.attributes
                0x00000772       0x34 stm32g4xx_hal.c.o
 .ARM.attributes
                0x000007a6       0x34 stm32g4xx_hal_rcc.c.o
 .ARM.attributes
                0x000007da       0x34 stm32g4xx_hal_pwr_ex.c.o
 .ARM.attributes
                0x0000080e       0x34 stm32g4xx_hal_cortex.c.o
 .ARM.attributes
                0x00000842       0x34 stm32g4xx_ll_tim.c.o
 .ARM.attributes
                0x00000876       0x34 system_stm32g4xx.c.o
 .ARM.attributes
                0x000008aa       0x21 startup_stm32g474retx.s.o
 .ARM.attributes
                0x000008cb       0x34 stm_timer_ll.c.o
 .ARM.attributes